<html>
<body>
<pre>
<h1>µVision Build Log</h1>
<h2>Tool Versions:</h2>
IDE-Version: µVision V5.22.0.0
Copyright (C) 2016 ARM Ltd and ARM Germany GmbH. All rights reserved.
License Information: Ahmed E. Sobhy, NA, LIC=IC9PC-7TGX2-ZCWJY-I5TLG-8SH4G-Z3Y75
 
Tool Versions:
Toolchain:       MDK-ARM Professional  Version: 5.22
Toolchain Path:  D:\Keil_v5\ARM\ARMCC\Bin
C Compiler:      Armcc.exe V5.06 update 4 (build 422)
Assembler:       Armasm.exe V5.06 update 4 (build 422)
Linker/Locator:  ArmLink.exe V5.06 update 4 (build 422)
Library Manager: ArmAr.exe V5.06 update 4 (build 422)
Hex Converter:   FromElf.exe V5.06 update 4 (build 422)
CPU DLL:         SARMCM3.DLL V5.22
Dialog DLL:      DCM.DLL V1.13.9.0
Target DLL:      lmidk-agdi.dll V???
Dialog DLL:      TCM.DLL V1.21.0.0
 
<h2>Project:</h2>
D:\Projects\FSAE_SENSORS_ECU\FSAE_SENSORS_ECU.uvprojx
Project File Date:  02/12/2018

<h2>Output:</h2>
*** Using Compiler 'V5.06 update 4 (build 422)', folder: 'D:\Keil_v5\ARM\ARMCC\Bin'
Rebuild target 'Target 1'
compiling main.c...
compiling i2cDriver.c...
compiling lcd_i2c.c...
lcd_i2c.c(270): warning:  #177-D: function "setBacklight"  was declared but never referenced
  void setBacklight(uint8_t new_val){
lcd_i2c.c: 1 warning, 0 errors
compiling throttle_sensor.c...
compiling lcd_task.c...
compiling adc_api.c...
assembling startup_rvmdk.S...
compiling ADC_task.c...
compiling ustdlib.c...
compiling uartstdio.c...
compiling delay.c...
compiling croutine.c...
compiling event_groups.c...
compiling tasks.c...
compiling list.c...
compiling queue.c...
compiling timers.c...
compiling heap_2.c...
compiling port.c...
linking...
Program Size: Code=8604 RO-data=1632 RW-data=1644 ZI-data=30932  
After Build - User command #1: fromelf --bin --output .\rvmdk\freertos_demo.bin .\rvmdk\freertos_demo.axf
".\rvmdk\freertos_demo.axf": Error: Q0122E: Could not open file '.\rvmdk\freertos_demo.axf': No such file or directory
Finished: 0 information, 0 warning and 1 error messages.
".\Objects\FSAE_SENSORS_ECU.axf" - 0 Error(s), 1 Warning(s).

<h2>Software Packages used:</h2>

Package Vendor: ARM
                http://www.keil.com/pack/ARM.CMSIS.5.1.1.pack
                ARM::CMSIS:CORE:5.0.2
                CMSIS (Cortex Microcontroller Software Interface Standard)
   * Component: CORE Version: 5.0.2

<h2>Collection of Component include folders:</h2>
  D:\Projects\FSAE_SENSORS_ECU\RTE\_Target_1
  D:\Keil_v5\ARM\PACK\ARM\CMSIS\5.1.1\CMSIS\Include
  D:\Keil_v5\ARM\PACK\Keil\TM4C_DFP\1.1.0\Device\Include\TM4C123

<h2>Collection of Component Files used:</h2>

   * Component: ARM::CMSIS:CORE:5.0.2
Build Time Elapsed:  00:00:04
</pre>
</body>
</html>
