Component: ARM Compiler 5.06 update 4 (build 422) Tool: armlink [4d35d2]

==============================================================================

Section Cross References

    main.o(i.ConfigureUART) refers to uart.o(i.UARTClockSourceSet) for UARTClockSourceSet
    main.o(i.ConfigureUART) refers to uartstdio.o(i.UARTStdioConfig) for UARTStdioConfig
    main.o(i.main) refers to sysctl.o(i.SysCtlClockSet) for SysCtlClockSet
    main.o(i.main) refers to main.o(i.ConfigureUART) for ConfigureUART
    main.o(i.main) refers to uartstdio.o(i.UARTprintf) for UARTprintf
    main.o(i.main) refers to queue.o(i.xQueueCreateMutex) for xQueueCreateMutex
    main.o(i.main) refers to lcd_task.o(i.LCDTaskInit) for LCDTaskInit
    main.o(i.main) refers to adc_task.o(i.ADCTaskInit) for ADCTaskInit
    main.o(i.main) refers to tasks.o(i.vTaskStartScheduler) for vTaskStartScheduler
    main.o(i.main) refers to main.o(.data) for .data
    i2cdriver.o(i.i2cDriverInit) refers to sysctl.o(i.SysCtlClockGet) for SysCtlClockGet
    lcd_i2c.o(i.command) refers to lcd_i2c.o(i.send) for send
    lcd_i2c.o(i.expanderWrite) refers to i2cdriver.o(i.i2cDriverWrite) for i2cDriverWrite
    lcd_i2c.o(i.expanderWrite) refers to lcd_i2c.o(.data) for .data
    lcd_i2c.o(i.lcdI2cBlink) refers to lcd_i2c.o(i.command) for command
    lcd_i2c.o(i.lcdI2cBlink) refers to lcd_i2c.o(.data) for .data
    lcd_i2c.o(i.lcdI2cClear) refers to lcd_i2c.o(i.command) for command
    lcd_i2c.o(i.lcdI2cClear) refers to delay.o(i.delay_us) for delay_us
    lcd_i2c.o(i.lcdI2cCursor) refers to lcd_i2c.o(i.command) for command
    lcd_i2c.o(i.lcdI2cCursor) refers to lcd_i2c.o(.data) for .data
    lcd_i2c.o(i.lcdI2cDisplay) refers to lcd_i2c.o(i.command) for command
    lcd_i2c.o(i.lcdI2cDisplay) refers to lcd_i2c.o(.data) for .data
    lcd_i2c.o(i.lcdI2cHome) refers to lcd_i2c.o(i.command) for command
    lcd_i2c.o(i.lcdI2cHome) refers to delay.o(i.delay_us) for delay_us
    lcd_i2c.o(i.lcdI2cInit) refers to delay.o(i.Timer1_Init) for Timer1_Init
    lcd_i2c.o(i.lcdI2cInit) refers to i2cdriver.o(i.i2cDriverInit) for i2cDriverInit
    lcd_i2c.o(i.lcdI2cInit) refers to delay.o(i.delay_ms) for delay_ms
    lcd_i2c.o(i.lcdI2cInit) refers to lcd_i2c.o(i.expanderWrite) for expanderWrite
    lcd_i2c.o(i.lcdI2cInit) refers to lcd_i2c.o(i.write4bits) for write4bits
    lcd_i2c.o(i.lcdI2cInit) refers to delay.o(i.delay_us) for delay_us
    lcd_i2c.o(i.lcdI2cInit) refers to lcd_i2c.o(i.command) for command
    lcd_i2c.o(i.lcdI2cInit) refers to lcd_i2c.o(i.lcdI2cDisplay) for lcdI2cDisplay
    lcd_i2c.o(i.lcdI2cInit) refers to lcd_i2c.o(i.lcdI2cClear) for lcdI2cClear
    lcd_i2c.o(i.lcdI2cInit) refers to lcd_i2c.o(i.lcdI2cHome) for lcdI2cHome
    lcd_i2c.o(i.lcdI2cInit) refers to lcd_i2c.o(.data) for .data
    lcd_i2c.o(i.lcdI2cNoBlink) refers to lcd_i2c.o(i.command) for command
    lcd_i2c.o(i.lcdI2cNoBlink) refers to lcd_i2c.o(.data) for .data
    lcd_i2c.o(i.lcdI2cNoCursor) refers to lcd_i2c.o(i.command) for command
    lcd_i2c.o(i.lcdI2cNoCursor) refers to lcd_i2c.o(.data) for .data
    lcd_i2c.o(i.lcdI2cNoDisplay) refers to lcd_i2c.o(i.command) for command
    lcd_i2c.o(i.lcdI2cNoDisplay) refers to lcd_i2c.o(.data) for .data
    lcd_i2c.o(i.lcdI2cPrint) refers to lcd_i2c.o(i.send) for send
    lcd_i2c.o(i.lcdI2cSetCursor) refers to lcd_i2c.o(i.command) for command
    lcd_i2c.o(i.lcdI2cSetCursor) refers to lcd_i2c.o(.constdata) for .constdata
    lcd_i2c.o(i.lcdI2cSetCursor) refers to lcd_i2c.o(.data) for .data
    lcd_i2c.o(i.send) refers to lcd_i2c.o(i.write4bits) for write4bits
    lcd_i2c.o(i.write4bits) refers to lcd_i2c.o(i.expanderWrite) for expanderWrite
    lcd_i2c.o(i.write4bits) refers to delay.o(i.delay_us) for delay_us
    lcd_task.o(i.LCDTask) refers to lcd_i2c.o(i.lcdI2cInit) for lcdI2cInit
    lcd_task.o(i.LCDTask) refers to queue.o(i.xQueueGenericReceive) for xQueueGenericReceive
    lcd_task.o(i.LCDTask) refers to lcd_task.o(i.itoascii) for itoascii
    lcd_task.o(i.LCDTask) refers to lcd_i2c.o(i.lcdI2cPrint) for lcdI2cPrint
    lcd_task.o(i.LCDTask) refers to queue.o(i.xQueueGenericSend) for xQueueGenericSend
    lcd_task.o(i.LCDTask) refers to lcd_i2c.o(i.lcdI2cHome) for lcdI2cHome
    lcd_task.o(i.LCDTask) refers to tasks.o(i.vTaskDelay) for vTaskDelay
    lcd_task.o(i.LCDTask) refers to adc_task.o(.data) for g_pADCQueue
    lcd_task.o(i.LCDTask) refers to main.o(.data) for g_pLCDSemaphore
    lcd_task.o(i.LCDTaskInit) refers to uartstdio.o(i.UARTprintf) for UARTprintf
    lcd_task.o(i.LCDTaskInit) refers to tasks.o(i.xTaskCreate) for xTaskCreate
    lcd_task.o(i.LCDTaskInit) refers to lcd_task.o(i.LCDTask) for LCDTask
    adc_api.o(i.ADC0IntHandler) refers to adc_api.o(.bss) for .bss
    adc_api.o(i.ADCGetSensor1) refers to adc_api.o(.bss) for .bss
    adc_api.o(i.ADCGetSensor2) refers to adc_api.o(.bss) for .bss
    adc_api.o(i.ADCGetSensor3) refers to adc_api.o(.bss) for .bss
[...]
    tasks.o(i.vTaskEndScheduler) refers to tasks.o(.data) for .data
    tasks.o(i.vTaskGetInfo) refers to tasks.o(i.vTaskSuspendAll) for vTaskSuspendAll
    tasks.o(i.vTaskGetInfo) refers to tasks.o(i.xTaskResumeAll) for xTaskResumeAll
    tasks.o(i.vTaskGetInfo) refers to tasks.o(i.eTaskGetState) for eTaskGetState
    tasks.o(i.vTaskGetInfo) refers to tasks.o(i.prvTaskCheckFreeStackSpace) for prvTaskCheckFreeStackSpace
    tasks.o(i.vTaskGetInfo) refers to tasks.o(.data) for .data
    tasks.o(i.vTaskMissedYield) refers to tasks.o(.data) for .data
    tasks.o(i.vTaskNotifyGiveFromISR) refers to list.o(i.vListInsertEnd) for vListInsertEnd
    tasks.o(i.vTaskNotifyGiveFromISR) refers to list.o(i.uxListRemove) for uxListRemove
    tasks.o(i.vTaskNotifyGiveFromISR) refers to tasks.o(.data) for .data
    tasks.o(i.vTaskNotifyGiveFromISR) refers to tasks.o(.bss) for .bss
    tasks.o(i.vTaskPlaceOnEventList) refers to list.o(i.vListInsert) for vListInsert
    tasks.o(i.vTaskPlaceOnEventList) refers to tasks.o(i.prvAddCurrentTaskToDelayedList) for prvAddCurrentTaskToDelayedList
    tasks.o(i.vTaskPlaceOnEventList) refers to tasks.o(.data) for .data
    tasks.o(i.vTaskPlaceOnUnorderedEventList) refers to list.o(i.vListInsertEnd) for vListInsertEnd
    tasks.o(i.vTaskPlaceOnUnorderedEventList) refers to tasks.o(i.prvAddCurrentTaskToDelayedList) for prvAddCurrentTaskToDelayedList
    tasks.o(i.vTaskPlaceOnUnorderedEventList) refers to tasks.o(.data) for .data
    tasks.o(i.vTaskPriorityInherit) refers to list.o(i.uxListRemove) for uxListRemove
    tasks.o(i.vTaskPriorityInherit) refers to list.o(i.vListInsertEnd) for vListInsertEnd
    tasks.o(i.vTaskPriorityInherit) refers to tasks.o(.data) for .data
    tasks.o(i.vTaskPriorityInherit) refers to tasks.o(.bss) for .bss
    tasks.o(i.vTaskPrioritySet) refers to port.o(i.vPortEnterCritical) for vPortEnterCritical
    tasks.o(i.vTaskPrioritySet) refers to list.o(i.uxListRemove) for uxListRemove
    tasks.o(i.vTaskPrioritySet) refers to list.o(i.vListInsertEnd) for vListInsertEnd
    tasks.o(i.vTaskPrioritySet) refers to port.o(i.vPortExitCritical) for vPortExitCritical
    tasks.o(i.vTaskPrioritySet) refers to tasks.o(.data) for .data
    tasks.o(i.vTaskPrioritySet) refers to tasks.o(.bss) for .bss
    tasks.o(i.vTaskResume) refers to port.o(i.vPortEnterCritical) for vPortEnterCritical
    tasks.o(i.vTaskResume) refers to tasks.o(i.prvTaskIsTaskSuspended) for prvTaskIsTaskSuspended
    tasks.o(i.vTaskResume) refers to list.o(i.uxListRemove) for uxListRemove
    tasks.o(i.vTaskResume) refers to list.o(i.vListInsertEnd) for vListInsertEnd
    tasks.o(i.vTaskResume) refers to port.o(i.vPortExitCritical) for vPortExitCritical
    tasks.o(i.vTaskResume) refers to tasks.o(.data) for .data
    tasks.o(i.vTaskResume) refers to tasks.o(.bss) for .bss
    tasks.o(i.vTaskSetTimeOutState) refers to tasks.o(.data) for .data
    tasks.o(i.vTaskStartScheduler) refers to tasks.o(i.xTaskCreate) for xTaskCreate
    tasks.o(i.vTaskStartScheduler) refers to port.o(i.xPortStartScheduler) for xPortStartScheduler
    tasks.o(i.vTaskStartScheduler) refers to tasks.o(.data) for .data
    tasks.o(i.vTaskStartScheduler) refers to tasks.o(i.prvIdleTask) for prvIdleTask
    tasks.o(i.vTaskSuspend) refers to port.o(i.vPortEnterCritical) for vPortEnterCritical
    tasks.o(i.vTaskSuspend) refers to list.o(i.uxListRemove) for uxListRemove
    tasks.o(i.vTaskSuspend) refers to list.o(i.vListInsertEnd) for vListInsertEnd
    tasks.o(i.vTaskSuspend) refers to port.o(i.vPortExitCritical) for vPortExitCritical
    tasks.o(i.vTaskSuspend) refers to tasks.o(i.prvResetNextTaskUnblockTime) for prvResetNextTaskUnblockTime
    tasks.o(i.vTaskSuspend) refers to tasks.o(i.vTaskSwitchContext) for vTaskSwitchContext
    tasks.o(i.vTaskSuspend) refers to tasks.o(.data) for .data
    tasks.o(i.vTaskSuspend) refers to tasks.o(.bss) for .bss
    tasks.o(i.vTaskSuspendAll) refers to tasks.o(.data) for .data
    tasks.o(i.vTaskSwitchContext) refers to main.o(i.vApplicationStackOverflowHook) for vApplicationStackOverflowHook
    tasks.o(i.vTaskSwitchContext) refers to tasks.o(.data) for .data
    tasks.o(i.vTaskSwitchContext) refers to tasks.o(.bss) for .bss
    tasks.o(i.xTaskCheckForTimeOut) refers to port.o(i.vPortEnterCritical) for vPortEnterCritical
    tasks.o(i.xTaskCheckForTimeOut) refers to tasks.o(i.vTaskSetTimeOutState) for vTaskSetTimeOutState
    tasks.o(i.xTaskCheckForTimeOut) refers to port.o(i.vPortExitCritical) for vPortExitCritical
    tasks.o(i.xTaskCheckForTimeOut) refers to tasks.o(.data) for .data
    tasks.o(i.xTaskCreate) refers to heap_2.o(i.pvPortMalloc) for pvPortMalloc
    tasks.o(i.xTaskCreate) refers to tasks.o(i.prvInitialiseNewTask) for prvInitialiseNewTask
    tasks.o(i.xTaskCreate) refers to tasks.o(i.prvAddNewTaskToReadyList) for prvAddNewTaskToReadyList
    tasks.o(i.xTaskCreate) refers to heap_2.o(i.vPortFree) for vPortFree
    tasks.o(i.xTaskGenericNotify) refers to port.o(i.vPortEnterCritical) for vPortEnterCritical
    tasks.o(i.xTaskGenericNotify) refers to list.o(i.uxListRemove) for uxListRemove
    tasks.o(i.xTaskGenericNotify) refers to list.o(i.vListInsertEnd) for vListInsertEnd
    tasks.o(i.xTaskGenericNotify) refers to port.o(i.vPortExitCritical) for vPortExitCritical
    tasks.o(i.xTaskGenericNotify) refers to tasks.o(.data) for .data
    tasks.o(i.xTaskGenericNotify) refers to tasks.o(.bss) for .bss
    tasks.o(i.xTaskGenericNotifyFromISR) refers to list.o(i.vListInsertEnd) for vListInsertEnd
    tasks.o(i.xTaskGenericNotifyFromISR) refers to list.o(i.uxListRemove) for uxListRemove
    tasks.o(i.xTaskGenericNotifyFromISR) refers to tasks.o(.data) for .data
    tasks.o(i.xTaskGenericNotifyFromISR) refers to tasks.o(.bss) for .bss
    tasks.o(i.xTaskGetCurrentTaskHandle) refers to tasks.o(.data) for .data
    tasks.o(i.xTaskGetTickCount) refers to tasks.o(.data) for .data
    tasks.o(i.xTaskGetTickCountFromISR) refers to tasks.o(.data) for .data
    tasks.o(i.xTaskIncrementTick) refers to tasks.o(i.prvResetNextTaskUnblockTime) for prvResetNextTaskUnblockTime
    tasks.o(i.xTaskIncrementTick) refers to list.o(i.uxListRemove) for uxListRemove
    tasks.o(i.xTaskIncrementTick) refers to list.o(i.vListInsertEnd) for vListInsertEnd
    tasks.o(i.xTaskIncrementTick) refers to tasks.o(.data) for .data
    tasks.o(i.xTaskIncrementTick) refers to tasks.o(.bss) for .bss
    tasks.o(i.xTaskNotifyStateClear) refers to port.o(i.vPortEnterCritical) for vPortEnterCritical
    tasks.o(i.xTaskNotifyStateClear) refers to port.o(i.vPortExitCritical) for vPortExitCritical
    tasks.o(i.xTaskNotifyStateClear) refers to tasks.o(.data) for .data
    tasks.o(i.xTaskNotifyWait) refers to port.o(i.vPortEnterCritical) for vPortEnterCritical
    tasks.o(i.xTaskNotifyWait) refers to tasks.o(i.prvAddCurrentTaskToDelayedList) for prvAddCurrentTaskToDelayedList
    tasks.o(i.xTaskNotifyWait) refers to port.o(i.vPortExitCritical) for vPortExitCritical
    tasks.o(i.xTaskNotifyWait) refers to tasks.o(.data) for .data
    tasks.o(i.xTaskPriorityDisinherit) refers to list.o(i.uxListRemove) for uxListRemove
    tasks.o(i.xTaskPriorityDisinherit) refers to list.o(i.vListInsertEnd) for vListInsertEnd
    tasks.o(i.xTaskPriorityDisinherit) refers to tasks.o(.bss) for .bss
    tasks.o(i.xTaskPriorityDisinherit) refers to tasks.o(.data) for .data
    tasks.o(i.xTaskRemoveFromEventList) refers to list.o(i.uxListRemove) for uxListRemove
    tasks.o(i.xTaskRemoveFromEventList) refers to list.o(i.vListInsertEnd) for vListInsertEnd
    tasks.o(i.xTaskRemoveFromEventList) refers to tasks.o(.data) for .data
    tasks.o(i.xTaskRemoveFromEventList) refers to tasks.o(.bss) for .bss
    tasks.o(i.xTaskRemoveFromUnorderedEventList) refers to list.o(i.uxListRemove) for uxListRemove
    tasks.o(i.xTaskRemoveFromUnorderedEventList) refers to list.o(i.vListInsertEnd) for vListInsertEnd
    tasks.o(i.xTaskRemoveFromUnorderedEventList) refers to tasks.o(.data) for .data
    tasks.o(i.xTaskRemoveFromUnorderedEventList) refers to tasks.o(.bss) for .bss
    tasks.o(i.xTaskResumeAll) refers to port.o(i.vPortEnterCritical) for vPortEnterCritical
    tasks.o(i.xTaskResumeAll) refers to list.o(i.uxListRemove) for uxListRemove
    tasks.o(i.xTaskResumeAll) refers to list.o(i.vListInsertEnd) for vListInsertEnd
    tasks.o(i.xTaskResumeAll) refers to tasks.o(i.prvResetNextTaskUnblockTime) for prvResetNextTaskUnblockTime
    tasks.o(i.xTaskResumeAll) refers to tasks.o(i.xTaskIncrementTick) for xTaskIncrementTick
    tasks.o(i.xTaskResumeAll) refers to port.o(i.vPortExitCritical) for vPortExitCritical
    tasks.o(i.xTaskResumeAll) refers to tasks.o(.data) for .data
    tasks.o(i.xTaskResumeAll) refers to tasks.o(.bss) for .bss
    tasks.o(i.xTaskResumeFromISR) refers to tasks.o(i.prvTaskIsTaskSuspended) for prvTaskIsTaskSuspended
    tasks.o(i.xTaskResumeFromISR) refers to list.o(i.uxListRemove) for uxListRemove
    tasks.o(i.xTaskResumeFromISR) refers to list.o(i.vListInsertEnd) for vListInsertEnd
    tasks.o(i.xTaskResumeFromISR) refers to tasks.o(.data) for .data
    tasks.o(i.xTaskResumeFromISR) refers to tasks.o(.bss) for .bss
    event_groups.o(i.vEventGroupClearBitsCallback) refers to event_groups.o(i.xEventGroupClearBits) for xEventGroupClearBits
    event_groups.o(i.vEventGroupDelete) refers to tasks.o(i.vTaskSuspendAll) for vTaskSuspendAll
    event_groups.o(i.vEventGroupDelete) refers to tasks.o(i.xTaskRemoveFromUnorderedEventList) for xTaskRemoveFromUnorderedEventList
    event_groups.o(i.vEventGroupDelete) refers to heap_2.o(i.vPortFree) for vPortFree
    event_groups.o(i.vEventGroupDelete) refers to tasks.o(i.xTaskResumeAll) for xTaskResumeAll
    event_groups.o(i.vEventGroupSetBitsCallback) refers to event_groups.o(i.xEventGroupSetBits) for xEventGroupSetBits
    event_groups.o(i.xEventGroupClearBits) refers to port.o(i.vPortEnterCritical) for vPortEnterCritical
    event_groups.o(i.xEventGroupClearBits) refers to port.o(i.vPortExitCritical) for vPortExitCritical
    event_groups.o(i.xEventGroupCreate) refers to heap_2.o(i.pvPortMalloc) for pvPortMalloc
    event_groups.o(i.xEventGroupCreate) refers to list.o(i.vListInitialise) for vListInitialise
    event_groups.o(i.xEventGroupSetBits) refers to tasks.o(i.vTaskSuspendAll) for vTaskSuspendAll
    event_groups.o(i.xEventGroupSetBits) refers to tasks.o(i.xTaskRemoveFromUnorderedEventList) for xTaskRemoveFromUnorderedEventList
    event_groups.o(i.xEventGroupSetBits) refers to tasks.o(i.xTaskResumeAll) for xTaskResumeAll
    event_groups.o(i.xEventGroupSync) refers to tasks.o(i.vTaskSuspendAll) for vTaskSuspendAll
    event_groups.o(i.xEventGroupSync) refers to event_groups.o(i.xEventGroupSetBits) for xEventGroupSetBits
    event_groups.o(i.xEventGroupSync) refers to tasks.o(i.vTaskPlaceOnUnorderedEventList) for vTaskPlaceOnUnorderedEventList
    event_groups.o(i.xEventGroupSync) refers to tasks.o(i.xTaskResumeAll) for xTaskResumeAll
    event_groups.o(i.xEventGroupSync) refers to tasks.o(i.uxTaskResetEventItemValue) for uxTaskResetEventItemValue
    event_groups.o(i.xEventGroupSync) refers to port.o(i.vPortEnterCritical) for vPortEnterCritical
    event_groups.o(i.xEventGroupSync) refers to port.o(i.vPortExitCritical) for vPortExitCritical
    event_groups.o(i.xEventGroupWaitBits) refers to tasks.o(i.vTaskSuspendAll) for vTaskSuspendAll
    event_groups.o(i.xEventGroupWaitBits) refers to event_groups.o(i.prvTestWaitCondition) for prvTestWaitCondition
    event_groups.o(i.xEventGroupWaitBits) refers to tasks.o(i.vTaskPlaceOnUnorderedEventList) for vTaskPlaceOnUnorderedEventList
    event_groups.o(i.xEventGroupWaitBits) refers to tasks.o(i.xTaskResumeAll) for xTaskResumeAll
    event_groups.o(i.xEventGroupWaitBits) refers to tasks.o(i.uxTaskResetEventItemValue) for uxTaskResetEventItemValue
    event_groups.o(i.xEventGroupWaitBits) refers to port.o(i.vPortEnterCritical) for vPortEnterCritical
    event_groups.o(i.xEventGroupWaitBits) refers to port.o(i.vPortExitCritical) for vPortExitCritical
    queue.o(i.pcQueueGetName) refers to queue.o(.bss) for .bss
    queue.o(i.prvCopyDataFromQueue) refers to memcpya.o(.text) for __aeabi_memcpy
    queue.o(i.prvCopyDataToQueue) refers to memcpya.o(.text) for __aeabi_memcpy
    queue.o(i.prvCopyDataToQueue) refers to tasks.o(i.xTaskPriorityDisinherit) for xTaskPriorityDisinherit
    queue.o(i.prvIsQueueEmpty) refers to port.o(i.vPortEnterCritical) for vPortEnterCritical
    queue.o(i.prvIsQueueEmpty) refers to port.o(i.vPortExitCritical) for vPortExitCritical
    queue.o(i.prvUnlockQueue) refers to port.o(i.vPortEnterCritical) for vPortEnterCritical
    queue.o(i.prvUnlockQueue) refers to tasks.o(i.xTaskRemoveFromEventList) for xTaskRemoveFromEventList
    queue.o(i.prvUnlockQueue) refers to tasks.o(i.vTaskMissedYield) for vTaskMissedYield
    queue.o(i.prvUnlockQueue) refers to port.o(i.vPortExitCritical) for vPortExitCritical
    queue.o(i.uxQueueMessagesWaiting) refers to port.o(i.vPortEnterCritical) for vPortEnterCritical
    queue.o(i.uxQueueMessagesWaiting) refers to port.o(i.vPortExitCritical) for vPortExitCritical
    queue.o(i.uxQueueSpacesAvailable) refers to port.o(i.vPortEnterCritical) for vPortEnterCritical
    queue.o(i.uxQueueSpacesAvailable) refers to port.o(i.vPortExitCritical) for vPortExitCritical
    queue.o(i.vQueueAddToRegistry) refers to queue.o(.bss) for .bss
    queue.o(i.vQueueDelete) refers to queue.o(i.vQueueUnregisterQueue) for vQueueUnregisterQueue
    queue.o(i.vQueueDelete) refers to heap_2.o(i.vPortFree) for vPortFree
    queue.o(i.vQueueUnregisterQueue) refers to queue.o(.bss) for .bss
    queue.o(i.xQueueCreateMutex) refers to queue.o(i.xQueueGenericCreate) for xQueueGenericCreate
    queue.o(i.xQueueCreateMutex) refers to queue.o(i.xQueueGenericSend) for xQueueGenericSend
    queue.o(i.xQueueGenericCreate) refers to heap_2.o(i.pvPortMalloc) for pvPortMalloc
    queue.o(i.xQueueGenericCreate) refers to queue.o(i.xQueueGenericReset) for xQueueGenericReset
    queue.o(i.xQueueGenericReceive) refers to port.o(i.vPortEnterCritical) for vPortEnterCritical
    queue.o(i.xQueueGenericReceive) refers to queue.o(i.prvCopyDataFromQueue) for prvCopyDataFromQueue
    queue.o(i.xQueueGenericReceive) refers to tasks.o(i.xTaskRemoveFromEventList) for xTaskRemoveFromEventList
    queue.o(i.xQueueGenericReceive) refers to port.o(i.vPortExitCritical) for vPortExitCritical
    queue.o(i.xQueueGenericReceive) refers to tasks.o(i.pvTaskIncrementMutexHeldCount) for pvTaskIncrementMutexHeldCount
    queue.o(i.xQueueGenericReceive) refers to tasks.o(i.vTaskSetTimeOutState) for vTaskSetTimeOutState
    queue.o(i.xQueueGenericReceive) refers to tasks.o(i.vTaskSuspendAll) for vTaskSuspendAll
    queue.o(i.xQueueGenericReceive) refers to tasks.o(i.xTaskCheckForTimeOut) for xTaskCheckForTimeOut
    queue.o(i.xQueueGenericReceive) refers to queue.o(i.prvUnlockQueue) for prvUnlockQueue
    queue.o(i.xQueueGenericReceive) refers to tasks.o(i.xTaskResumeAll) for xTaskResumeAll
    queue.o(i.xQueueGenericReceive) refers to queue.o(i.prvIsQueueEmpty) for prvIsQueueEmpty
    queue.o(i.xQueueGenericReceive) refers to tasks.o(i.vTaskPriorityInherit) for vTaskPriorityInherit
    queue.o(i.xQueueGenericReceive) refers to tasks.o(i.vTaskPlaceOnEventList) for vTaskPlaceOnEventList
    queue.o(i.xQueueGenericReset) refers to port.o(i.vPortEnterCritical) for vPortEnterCritical
    queue.o(i.xQueueGenericReset) refers to list.o(i.vListInitialise) for vListInitialise
    queue.o(i.xQueueGenericReset) refers to port.o(i.vPortExitCritical) for vPortExitCritical
    queue.o(i.xQueueGenericReset) refers to tasks.o(i.xTaskRemoveFromEventList) for xTaskRemoveFromEventList
    queue.o(i.xQueueGenericSend) refers to port.o(i.vPortEnterCritical) for vPortEnterCritical
    queue.o(i.xQueueGenericSend) refers to queue.o(i.prvCopyDataToQueue) for prvCopyDataToQueue
    queue.o(i.xQueueGenericSend) refers to tasks.o(i.xTaskRemoveFromEventList) for xTaskRemoveFromEventList
    queue.o(i.xQueueGenericSend) refers to port.o(i.vPortExitCritical) for vPortExitCritical
    queue.o(i.xQueueGenericSend) refers to tasks.o(i.vTaskSetTimeOutState) for vTaskSetTimeOutState
    queue.o(i.xQueueGenericSend) refers to tasks.o(i.vTaskSuspendAll) for vTaskSuspendAll
    queue.o(i.xQueueGenericSend) refers to tasks.o(i.xTaskCheckForTimeOut) for xTaskCheckForTimeOut
    queue.o(i.xQueueGenericSend) refers to queue.o(i.prvUnlockQueue) for prvUnlockQueue
    queue.o(i.xQueueGenericSend) refers to tasks.o(i.xTaskResumeAll) for xTaskResumeAll
    queue.o(i.xQueueGenericSend) refers to tasks.o(i.vTaskPlaceOnEventList) for vTaskPlaceOnEventList
    queue.o(i.xQueueGenericSendFromISR) refers to queue.o(i.prvCopyDataToQueue) for prvCopyDataToQueue
    queue.o(i.xQueueGenericSendFromISR) refers to tasks.o(i.xTaskRemoveFromEventList) for xTaskRemoveFromEventList
    queue.o(i.xQueueGiveFromISR) refers to tasks.o(i.xTaskRemoveFromEventList) for xTaskRemoveFromEventList
    queue.o(i.xQueueGiveMutexRecursive) refers to tasks.o(i.xTaskGetCurrentTaskHandle) for xTaskGetCurrentTaskHandle
    queue.o(i.xQueueGiveMutexRecursive) refers to queue.o(i.xQueueGenericSend) for xQueueGenericSend
    queue.o(i.xQueuePeekFromISR) refers to queue.o(i.prvCopyDataFromQueue) for prvCopyDataFromQueue
    queue.o(i.xQueueReceiveFromISR) refers to queue.o(i.prvCopyDataFromQueue) for prvCopyDataFromQueue
    queue.o(i.xQueueReceiveFromISR) refers to tasks.o(i.xTaskRemoveFromEventList) for xTaskRemoveFromEventList
    queue.o(i.xQueueTakeMutexRecursive) refers to tasks.o(i.xTaskGetCurrentTaskHandle) for xTaskGetCurrentTaskHandle
    queue.o(i.xQueueTakeMutexRecursive) refers to queue.o(i.xQueueGenericReceive) for xQueueGenericReceive
    heap_2.o(i.pvPortMalloc) refers to tasks.o(i.vTaskSuspendAll) for vTaskSuspendAll
    heap_2.o(i.pvPortMalloc) refers to tasks.o(i.xTaskResumeAll) for xTaskResumeAll
    heap_2.o(i.pvPortMalloc) refers to heap_2.o(.data) for .data
    heap_2.o(i.pvPortMalloc) refers to heap_2.o(.bss) for .bss
    heap_2.o(i.vPortFree) refers to tasks.o(i.vTaskSuspendAll) for vTaskSuspendAll
    heap_2.o(i.vPortFree) refers to tasks.o(i.xTaskResumeAll) for xTaskResumeAll
    heap_2.o(i.vPortFree) refers to heap_2.o(.data) for .data
    heap_2.o(i.xPortGetFreeHeapSize) refers to heap_2.o(.data) for .data
    port.o(.emb_text) refers to tasks.o(i.vTaskSwitchContext) for vTaskSwitchContext
    port.o(.emb_text) refers to tasks.o(.data) for pxCurrentTCB
    port.o(i.pxPortInitialiseStack) refers to port.o(i.prvTaskExitError) for prvTaskExitError
    port.o(i.vPortEnterCritical) refers to port.o(.data) for .data
    port.o(i.vPortExitCritical) refers to port.o(.data) for .data
    port.o(i.xPortStartScheduler) refers to port.o(i.vPortSetupTimerInterrupt) for vPortSetupTimerInterrupt
    port.o(i.xPortStartScheduler) refers to port.o(.emb_text) for __asm___6_port_c_39a90d8d__prvEnableVFP
    port.o(i.xPortStartScheduler) refers to port.o(.data) for .data
    port.o(i.xPortSysTickHandler) refers to tasks.o(i.xTaskIncrementTick) for xTaskIncrementTick
    adc.o(i.ADCIntRegister) refers to interrupt.o(i.IntRegister) for IntRegister
    adc.o(i.ADCIntRegister) refers to interrupt.o(i.IntEnable) for IntEnable
    adc.o(i.ADCIntUnregister) refers to interrupt.o(i.IntDisable) for IntDisable
    adc.o(i.ADCIntUnregister) refers to interrupt.o(i.IntUnregister) for IntUnregister
    adc.o(i.ADCSoftwareOversampleConfigure) refers to adc.o(.data) for .data
    adc.o(i.ADCSoftwareOversampleDataGet) refers to adc.o(.data) for .data
    adc.o(i.ADCSoftwareOversampleStepConfigure) refers to adc.o(.data) for .data
    sysctl.o(i.SysCtlClockFreqSet) refers to sysctl.o(.constdata) for .constdata
    sysctl.o(i.SysCtlClockGet) refers to sysctl.o(.constdata) for .constdata
    sysctl.o(i.SysCtlClockSet) refers to sysctl.o(.emb_text) for SysCtlDelay
    sysctl.o(i.SysCtlDeepSleep) refers to cpu.o(.emb_text) for CPUwfi
    sysctl.o(i.SysCtlIntRegister) refers to interrupt.o(i.IntRegister) for IntRegister
    sysctl.o(i.SysCtlIntRegister) refers to interrupt.o(i.IntEnable) for IntEnable
    sysctl.o(i.SysCtlIntUnregister) refers to interrupt.o(i.IntDisable) for IntDisable
    sysctl.o(i.SysCtlIntUnregister) refers to interrupt.o(i.IntUnregister) for IntUnregister
    sysctl.o(i.SysCtlSleep) refers to cpu.o(.emb_text) for CPUwfi
    sysctl.o(i.SysCtlVCOGet) refers to sysctl.o(.constdata) for .constdata
    timer.o(i.TimerIntRegister) refers to interrupt.o(i.IntRegister) for IntRegister
    timer.o(i.TimerIntRegister) refers to interrupt.o(i.IntEnable) for IntEnable
    timer.o(i.TimerIntRegister) refers to timer.o(.constdata) for .constdata
    timer.o(i.TimerIntUnregister) refers to interrupt.o(i.IntDisable) for IntDisable
    timer.o(i.TimerIntUnregister) refers to interrupt.o(i.IntUnregister) for IntUnregister
    timer.o(i.TimerIntUnregister) refers to timer.o(.constdata) for .constdata
    uart.o(i.UARTIntRegister) refers to interrupt.o(i.IntRegister) for IntRegister
    uart.o(i.UARTIntRegister) refers to interrupt.o(i.IntEnable) for IntEnable
    uart.o(i.UARTIntRegister) refers to uart.o(.constdata) for .constdata
    uart.o(i.UARTIntUnregister) refers to interrupt.o(i.IntDisable) for IntDisable
    uart.o(i.UARTIntUnregister) refers to interrupt.o(i.IntUnregister) for IntUnregister
    uart.o(i.UARTIntUnregister) refers to uart.o(.constdata) for .constdata
    interrupt.o(i.IntDisable) refers to interrupt.o(.constdata) for .constdata
    interrupt.o(i.IntEnable) refers to interrupt.o(.constdata) for .constdata
    interrupt.o(i.IntIsEnabled) refers to interrupt.o(.constdata) for .constdata
    interrupt.o(i.IntMasterDisable) refers to cpu.o(.emb_text) for CPUcpsid
    interrupt.o(i.IntMasterEnable) refers to cpu.o(.emb_text) for CPUcpsie
    interrupt.o(i.IntPendClear) refers to interrupt.o(.constdata) for .constdata
    interrupt.o(i.IntPendSet) refers to interrupt.o(.constdata) for .constdata
    interrupt.o(i.IntPriorityGet) refers to interrupt.o(.constdata) for .constdata
    interrupt.o(i.IntPriorityGroupingGet) refers to interrupt.o(.constdata) for .constdata
    interrupt.o(i.IntPriorityGroupingSet) refers to interrupt.o(.constdata) for .constdata
    interrupt.o(i.IntPriorityMaskGet) refers to cpu.o(.emb_text) for CPUbasepriGet
    interrupt.o(i.IntPriorityMaskSet) refers to cpu.o(.emb_text) for CPUbasepriSet
    interrupt.o(i.IntPrioritySet) refers to interrupt.o(.constdata) for .constdata
    interrupt.o(i.IntRegister) refers to interrupt.o(vtable) for vtable
    interrupt.o(i.IntUnregister) refers to interrupt.o(i._IntDefaultHandler) for _IntDefaultHandler
    interrupt.o(i.IntUnregister) refers to interrupt.o(vtable) for vtable
    entry.o(.ARM.Collect$$$$00000000) refers (Special) to entry10a.o(.ARM.Collect$$$$0000000D) for __rt_final_cpp
    entry.o(.ARM.Collect$$$$00000000) refers (Special) to entry11a.o(.ARM.Collect$$$$0000000F) for __rt_final_exit
    entry.o(.ARM.Collect$$$$00000000) refers (Special) to entry7b.o(.ARM.Collect$$$$00000008) for _main_clock
    entry.o(.ARM.Collect$$$$00000000) refers (Special) to entry8b.o(.ARM.Collect$$$$0000000A) for _main_cpp_init
    entry.o(.ARM.Collect$$$$00000000) refers (Special) to entry9a.o(.ARM.Collect$$$$0000000B) for _main_init
    entry.o(.ARM.Collect$$$$00000000) refers (Special) to entry5.o(.ARM.Collect$$$$00000004) for _main_scatterload
    entry.o(.ARM.Collect$$$$00000000) refers (Special) to entry2.o(.ARM.Collect$$$$00000001) for _main_stk
    entry2.o(.ARM.Collect$$$$00000001) refers to entry2.o(.ARM.Collect$$$$00002712) for __lit__00000000
    entry2.o(.ARM.Collect$$$$00002712) refers to startup_rvmdk.o(STACK) for __initial_sp
    entry2.o(__vectab_stack_and_reset_area) refers to startup_rvmdk.o(STACK) for __initial_sp
    entry2.o(__vectab_stack_and_reset_area) refers to entry.o(.ARM.Collect$$$$00000000) for __main
    entry5.o(.ARM.Collect$$$$00000004) refers to init.o(.text) for __scatterload
    entry9a.o(.ARM.Collect$$$$0000000B) refers to main.o(i.main) for main
    entry9b.o(.ARM.Collect$$$$0000000C) refers to main.o(i.main) for main
    init.o(.text) refers to entry5.o(.ARM.Collect$$$$00000004) for __main_after_scatterload


==============================================================================

Removing Unused input sections from the image.

    Removing lcd_i2c.o(i.lcdI2cBlink), (24 bytes).
    Removing lcd_i2c.o(i.lcdI2cCursor), (24 bytes).
    Removing lcd_i2c.o(i.lcdI2cNoBlink), (24 bytes).
    Removing lcd_i2c.o(i.lcdI2cNoCursor), (24 bytes).
    Removing lcd_i2c.o(i.lcdI2cNoDisplay), (24 bytes).
    Removing lcd_i2c.o(i.lcdI2cSetCursor), (52 bytes).
    Removing lcd_i2c.o(.constdata), (16 bytes).
    Removing adc_api.o(i.ADCGetSensor1), (12 bytes).
    Removing adc_api.o(i.ADCGetSensor3), (12 bytes).
    Removing adc_api.o(i.ADCGetValue), (68 bytes).
    Removing adc_api.o(i.ADCInit), (168 bytes).
    Removing startup_rvmdk.o(HEAP), (0 bytes).
    Removing startup_rvmdk.o(.text), (0 bytes).
    Removing uartstdio.o(i.UARTgetc), (24 bytes).
    Removing uartstdio.o(i.UARTgets), (132 bytes).
    Removing ustdlib.o(i.ucmptime), (82 bytes).
    Removing ustdlib.o(i.ulocaltime), (164 bytes).
    Removing ustdlib.o(i.umktime), (58 bytes).
    Removing ustdlib.o(i.urand), (28 bytes).
    Removing ustdlib.o(i.usnprintf), (18 bytes).
    Removing ustdlib.o(i.usprintf), (22 bytes).
    Removing ustdlib.o(i.usrand), (12 bytes).
    Removing ustdlib.o(i.ustrcasecmp), (8 bytes).
    Removing ustdlib.o(i.ustrcmp), (8 bytes).
    Removing ustdlib.o(i.ustrlen), (16 bytes).
    Removing ustdlib.o(i.ustrncasecmp), (70 bytes).
    Removing ustdlib.o(i.ustrncmp), (46 bytes).
    Removing ustdlib.o(i.ustrncpy), (36 bytes).
    Removing ustdlib.o(i.ustrstr), (42 bytes).
    Removing ustdlib.o(i.ustrtof), (316 bytes).
    Removing ustdlib.o(i.ustrtoul), (158 bytes).
    Removing ustdlib.o(i.uvsnprintf), (592 bytes).
    Removing ustdlib.o(.constdata), (76 bytes).
    Removing ustdlib.o(.conststring), (17 bytes).
    Removing ustdlib.o(.data), (4 bytes).
    Removing tasks.o(i.eTaskGetState), (84 bytes).
    Removing tasks.o(i.pcTaskGetName), (16 bytes).
    Removing tasks.o(i.prvListTasksWithinSingleList), (86 bytes).
    Removing tasks.o(i.prvTaskCheckFreeStackSpace), (20 bytes).
    Removing tasks.o(i.prvTaskIsTaskSuspended), (32 bytes).
    Removing tasks.o(i.ulTaskNotifyTake), (104 bytes).
    Removing tasks.o(i.uxTaskGetNumberOfTasks), (12 bytes).
    Removing tasks.o(i.uxTaskGetStackHighWaterMark), (16 bytes).
    Removing tasks.o(i.uxTaskGetSystemState), (172 bytes).
    Removing tasks.o(i.uxTaskGetTaskNumber), (8 bytes).
    Removing tasks.o(i.uxTaskPriorityGet), (28 bytes).
    Removing tasks.o(i.uxTaskPriorityGetFromISR), (36 bytes).
    Removing tasks.o(i.uxTaskResetEventItemValue), (24 bytes).
    Removing tasks.o(i.vTaskDelayUntil), (88 bytes).
    Removing tasks.o(i.vTaskDelete), (152 bytes).
    Removing tasks.o(i.vTaskEndScheduler), (28 bytes).
    Removing tasks.o(i.vTaskGetInfo), (120 bytes).
    Removing tasks.o(i.vTaskNotifyGiveFromISR), (140 bytes).
    Removing tasks.o(i.vTaskPlaceOnUnorderedEventList), (44 bytes).
    Removing tasks.o(i.vTaskPrioritySet), (180 bytes).
    Removing tasks.o(i.vTaskResume), (108 bytes).
    Removing tasks.o(i.vTaskSetTaskNumber), (8 bytes).
    Removing tasks.o(i.vTaskSuspend), (156 bytes).
    Removing tasks.o(i.xTaskGenericNotify), (164 bytes).
    Removing tasks.o(i.xTaskGenericNotifyFromISR), (192 bytes).
    Removing tasks.o(i.xTaskGetCurrentTaskHandle), (12 bytes).
    Removing tasks.o(i.xTaskGetTickCount), (12 bytes).
    Removing tasks.o(i.xTaskGetTickCountFromISR), (12 bytes).
    Removing tasks.o(i.xTaskNotifyStateClear), (48 bytes).
    Removing tasks.o(i.xTaskNotifyWait), (140 bytes).
    Removing tasks.o(i.xTaskRemoveFromUnorderedEventList), (80 bytes).
    Removing tasks.o(i.xTaskResumeFromISR), (116 bytes).
    Removing event_groups.o(i.prvTestWaitCondition), (20 bytes).
    Removing event_groups.o(i.uxEventGroupGetNumber), (8 bytes).
    Removing event_groups.o(i.vEventGroupClearBitsCallback), (4 bytes).
    Removing event_groups.o(i.vEventGroupDelete), (44 bytes).
    Removing event_groups.o(i.vEventGroupSetBitsCallback), (4 bytes).
    Removing event_groups.o(i.xEventGroupClearBits), (26 bytes).
    Removing event_groups.o(i.xEventGroupCreate), (26 bytes).
    Removing event_groups.o(i.xEventGroupGetBitsFromISR), (26 bytes).
    Removing event_groups.o(i.xEventGroupSetBits), (100 bytes).
    Removing event_groups.o(i.xEventGroupSync), (136 bytes).
    Removing event_groups.o(i.xEventGroupWaitBits), (188 bytes).
    Removing queue.o(i.pcQueueGetName), (40 bytes).
    Removing queue.o(i.ucQueueGetQueueType), (6 bytes).
    Removing queue.o(i.uxQueueGetQueueNumber), (4 bytes).
    Removing queue.o(i.uxQueueMessagesWaiting), (18 bytes).
    Removing queue.o(i.uxQueueMessagesWaitingFromISR), (4 bytes).
    Removing queue.o(i.uxQueueSpacesAvailable), (22 bytes).
    Removing queue.o(i.vQueueAddToRegistry), (36 bytes).
    Removing queue.o(i.vQueueDelete), (18 bytes).
    Removing queue.o(i.vQueueSetQueueNumber), (4 bytes).
    Removing queue.o(i.vQueueUnregisterQueue), (40 bytes).
    Removing queue.o(i.xQueueGenericSendFromISR), (102 bytes).
    Removing queue.o(i.xQueueGiveFromISR), (86 bytes).
    Removing queue.o(i.xQueueGiveMutexRecursive), (42 bytes).
    Removing queue.o(i.xQueueIsQueueEmptyFromISR), (12 bytes).
    Removing queue.o(i.xQueueIsQueueFullFromISR), (16 bytes).
    Removing queue.o(i.xQueuePeekFromISR), (44 bytes).
    Removing queue.o(i.xQueueReceiveFromISR), (100 bytes).
    Removing queue.o(i.xQueueTakeMutexRecursive), (50 bytes).
    Removing queue.o(.bss), (80 bytes).
    Removing heap_2.o(i.vPortInitialiseBlocks), (2 bytes).
    Removing heap_2.o(i.xPortGetFreeHeapSize), (12 bytes).
    Removing port.o(i.vPortEndScheduler), (2 bytes).
    Removing adc.o(i.ADCBusy), (8 bytes).
    Removing adc.o(i.ADCClockConfigGet), (32 bytes).
    Removing adc.o(i.ADCClockConfigSet), (28 bytes).
    Removing adc.o(i.ADCComparatorConfigure), (10 bytes).
    Removing adc.o(i.ADCComparatorIntClear), (4 bytes).
    Removing adc.o(i.ADCComparatorIntDisable), (18 bytes).
    Removing adc.o(i.ADCComparatorIntEnable), (16 bytes).
    Removing adc.o(i.ADCComparatorIntStatus), (4 bytes).
    Removing adc.o(i.ADCComparatorRegionSet), (14 bytes).
    Removing adc.o(i.ADCComparatorReset), (40 bytes).
    Removing adc.o(i.ADCHardwareOversampleConfigure), (18 bytes).
    Removing adc.o(i.ADCIntClear), (10 bytes).
    Removing adc.o(i.ADCIntClearEx), (4 bytes).
    Removing adc.o(i.ADCIntDisable), (16 bytes).
    Removing adc.o(i.ADCIntDisableEx), (10 bytes).
    Removing adc.o(i.ADCIntEnable), (16 bytes).
    Removing adc.o(i.ADCIntEnableEx), (8 bytes).
    Removing adc.o(i.ADCIntStatus), (52 bytes).
    Removing adc.o(i.ADCIntStatusEx), (22 bytes).
    Removing adc.o(i.ADCIntUnregister), (108 bytes).
    Removing adc.o(i.ADCPhaseDelayGet), (4 bytes).
    Removing adc.o(i.ADCPhaseDelaySet), (4 bytes).
    Removing adc.o(i.ADCProcessorTrigger), (26 bytes).
    Removing adc.o(i.ADCReferenceGet), (8 bytes).
    Removing adc.o(i.ADCReferenceSet), (12 bytes).
    Removing adc.o(i.ADCSequenceDMADisable), (18 bytes).
    Removing adc.o(i.ADCSequenceDMAEnable), (16 bytes).
    Removing adc.o(i.ADCSequenceDataGet), (36 bytes).
    Removing adc.o(i.ADCSequenceDisable), (16 bytes).
    Removing adc.o(i.ADCSequenceEnable), (14 bytes).
    Removing adc.o(i.ADCSequenceOverflow), (12 bytes).
    Removing adc.o(i.ADCSequenceOverflowClear), (10 bytes).
    Removing adc.o(i.ADCSequenceStepConfigure), (154 bytes).
    Removing adc.o(i.ADCSequenceUnderflow), (12 bytes).
    Removing adc.o(i.ADCSequenceUnderflowClear), (10 bytes).
    Removing adc.o(i.ADCSoftwareOversampleConfigure), (24 bytes).
    Removing adc.o(i.ADCSoftwareOversampleDataGet), (68 bytes).
    Removing adc.o(i.ADCSoftwareOversampleStepConfigure), (148 bytes).
    Removing adc.o(.data), (3 bytes).
    Removing sysctl.o(i.SysCtlAltClkConfig), (12 bytes).
    Removing sysctl.o(i.SysCtlClockFreqSet), (708 bytes).
    Removing sysctl.o(i.SysCtlClockOutConfig), (20 bytes).
    Removing sysctl.o(i.SysCtlDeepSleep), (32 bytes).
    Removing sysctl.o(i.SysCtlDeepSleepClockConfigSet), (112 bytes).
    Removing sysctl.o(i.SysCtlDeepSleepClockSet), (12 bytes).
    Removing sysctl.o(i.SysCtlDeepSleepPowerSet), (12 bytes).
    Removing sysctl.o(i.SysCtlFlashSectorSizeGet), (56 bytes).
    Removing sysctl.o(i.SysCtlFlashSizeGet), (56 bytes).
    Removing sysctl.o(i.SysCtlGPIOAHBDisable), (28 bytes).
    Removing sysctl.o(i.SysCtlGPIOAHBEnable), (24 bytes).
    Removing sysctl.o(i.SysCtlIntClear), (12 bytes).
    Removing sysctl.o(i.SysCtlIntDisable), (16 bytes).
    Removing sysctl.o(i.SysCtlIntEnable), (16 bytes).
    Removing sysctl.o(i.SysCtlIntRegister), (20 bytes).
    Removing sysctl.o(i.SysCtlIntStatus), (16 bytes).
    Removing sysctl.o(i.SysCtlIntUnregister), (18 bytes).
    Removing sysctl.o(i.SysCtlLDODeepSleepGet), (12 bytes).
    Removing sysctl.o(i.SysCtlLDODeepSleepSet), (12 bytes).
    Removing sysctl.o(i.SysCtlLDOSleepGet), (12 bytes).
    Removing sysctl.o(i.SysCtlLDOSleepSet), (12 bytes).
    Removing sysctl.o(i.SysCtlMOSCConfigSet), (12 bytes).
    Removing sysctl.o(i.SysCtlNMIClear), (16 bytes).
    Removing sysctl.o(i.SysCtlNMIStatus), (12 bytes).
    Removing sysctl.o(i.SysCtlPIOSCCalibrate), (76 bytes).
    Removing sysctl.o(i.SysCtlPWMClockGet), (24 bytes).
    Removing sysctl.o(i.SysCtlPWMClockSet), (20 bytes).
    Removing sysctl.o(i.SysCtlPeripheralClockGating), (68 bytes).
    Removing sysctl.o(i.SysCtlPeripheralDeepSleepDisable), (40 bytes).
    Removing sysctl.o(i.SysCtlPeripheralDeepSleepEnable), (40 bytes).
    Removing sysctl.o(i.SysCtlPeripheralDisable), (40 bytes).
    Removing sysctl.o(i.SysCtlPeripheralEnable), (40 bytes).
    Removing sysctl.o(i.SysCtlPeripheralPowerOff), (40 bytes).
    Removing sysctl.o(i.SysCtlPeripheralPowerOn), (40 bytes).
    Removing sysctl.o(i.SysCtlPeripheralPresent), (44 bytes).
    Removing sysctl.o(i.SysCtlPeripheralReady), (44 bytes).
    Removing sysctl.o(i.SysCtlPeripheralReset), (60 bytes).
    Removing sysctl.o(i.SysCtlPeripheralSleepDisable), (40 bytes).
    Removing sysctl.o(i.SysCtlPeripheralSleepEnable), (40 bytes).
    Removing sysctl.o(i.SysCtlReset), (16 bytes).
    Removing sysctl.o(i.SysCtlResetBehaviorGet), (12 bytes).
    Removing sysctl.o(i.SysCtlResetBehaviorSet), (12 bytes).
    Removing sysctl.o(i.SysCtlResetCauseClear), (16 bytes).
    Removing sysctl.o(i.SysCtlResetCauseGet), (12 bytes).
    Removing sysctl.o(i.SysCtlSRAMSizeGet), (16 bytes).
    Removing sysctl.o(i.SysCtlSleep), (4 bytes).
    Removing sysctl.o(i.SysCtlSleepPowerSet), (12 bytes).
    Removing sysctl.o(i.SysCtlUSBPLLDisable), (16 bytes).
    Removing sysctl.o(i.SysCtlUSBPLLEnable), (16 bytes).
    Removing sysctl.o(i.SysCtlVCOGet), (120 bytes).
    Removing sysctl.o(i.SysCtlVoltageEventClear), (16 bytes).
    Removing sysctl.o(i.SysCtlVoltageEventConfig), (12 bytes).
    Removing sysctl.o(i.SysCtlVoltageEventStatus), (12 bytes).
    Removing timer.o(i.TimerADCEventGet), (4 bytes).
    Removing timer.o(i.TimerADCEventSet), (4 bytes).
    Removing timer.o(i.TimerClockSourceGet), (6 bytes).
    Removing timer.o(i.TimerConfigure), (96 bytes).
    Removing timer.o(i.TimerControlEvent), (18 bytes).
    Removing timer.o(i.TimerControlLevel), (22 bytes).
    Removing timer.o(i.TimerControlStall), (22 bytes).
    Removing timer.o(i.TimerControlTrigger), (80 bytes).
    Removing timer.o(i.TimerControlWaitOnTrigger), (48 bytes).
    Removing timer.o(i.TimerDMAEventGet), (4 bytes).
    Removing timer.o(i.TimerDMAEventSet), (4 bytes).
    Removing timer.o(i.TimerDisable), (16 bytes).
    Removing timer.o(i.TimerEnable), (14 bytes).
    Removing timer.o(i.TimerIntClear), (4 bytes).
    Removing timer.o(i.TimerIntDisable), (10 bytes).
    Removing timer.o(i.TimerIntEnable), (8 bytes).
    Removing timer.o(i.TimerIntStatus), (10 bytes).
    Removing timer.o(i.TimerIntUnregister), (104 bytes).
    Removing timer.o(i.TimerLoadGet), (10 bytes).
    Removing timer.o(i.TimerLoadGet64), (14 bytes).
    Removing timer.o(i.TimerLoadSet), (18 bytes).
    Removing timer.o(i.TimerLoadSet64), (6 bytes).
    Removing timer.o(i.TimerMatchGet), (10 bytes).
    Removing timer.o(i.TimerMatchGet64), (14 bytes).
    Removing timer.o(i.TimerMatchSet), (18 bytes).
    Removing timer.o(i.TimerMatchSet64), (6 bytes).
    Removing timer.o(i.TimerPrescaleGet), (10 bytes).
    Removing timer.o(i.TimerPrescaleMatchGet), (10 bytes).
    Removing timer.o(i.TimerPrescaleMatchSet), (18 bytes).
    Removing timer.o(i.TimerPrescaleSet), (18 bytes).
    Removing timer.o(i.TimerRTCDisable), (10 bytes).
    Removing timer.o(i.TimerRTCEnable), (10 bytes).
    Removing timer.o(i.TimerSynchronize), (4 bytes).
    Removing timer.o(i.TimerUpdateMode), (42 bytes).
    Removing timer.o(i.TimerValueGet), (10 bytes).
    Removing timer.o(i.TimerValueGet64), (14 bytes).
    Removing uart.o(i.UART9BitAddrSend), (38 bytes).
    Removing uart.o(i.UART9BitAddrSet), (10 bytes).
    Removing uart.o(i.UART9BitDisable), (14 bytes).
    Removing uart.o(i.UART9BitEnable), (14 bytes).
    Removing uart.o(i.UARTBreakCtl), (18 bytes).
    Removing uart.o(i.UARTBusy), (8 bytes).
    Removing uart.o(i.UARTCharGet), (12 bytes).
    Removing uart.o(i.UARTCharGetNonBlocking), (16 bytes).
    Removing uart.o(i.UARTCharPut), (12 bytes).
    Removing uart.o(i.UARTCharPutNonBlocking), (16 bytes).
    Removing uart.o(i.UARTCharsAvail), (10 bytes).
    Removing uart.o(i.UARTClockSourceGet), (6 bytes).
    Removing uart.o(i.UARTConfigGetExpClk), (46 bytes).
    Removing uart.o(i.UARTConfigSetExpClk), (110 bytes).
    Removing uart.o(i.UARTDMADisable), (10 bytes).
    Removing uart.o(i.UARTDMAEnable), (8 bytes).
    Removing uart.o(i.UARTDisable), (30 bytes).
    Removing uart.o(i.UARTDisableSIR), (10 bytes).
    Removing uart.o(i.UARTEnable), (20 bytes).
    Removing uart.o(i.UARTEnableSIR), (18 bytes).
    Removing uart.o(i.UARTFIFODisable), (10 bytes).
    Removing uart.o(i.UARTFIFOEnable), (10 bytes).
    Removing uart.o(i.UARTFIFOLevelGet), (16 bytes).
    Removing uart.o(i.UARTFIFOLevelSet), (6 bytes).
    Removing uart.o(i.UARTFlowControlGet), (8 bytes).
    Removing uart.o(i.UARTFlowControlSet), (12 bytes).
    Removing uart.o(i.UARTIntClear), (4 bytes).
    Removing uart.o(i.UARTIntDisable), (10 bytes).
    Removing uart.o(i.UARTIntEnable), (8 bytes).
    Removing uart.o(i.UARTIntRegister), (88 bytes).
    Removing uart.o(i.UARTIntStatus), (10 bytes).
    Removing uart.o(i.UARTIntUnregister), (88 bytes).
    Removing uart.o(i.UARTLoopbackEnable), (10 bytes).
    Removing uart.o(i.UARTModemControlClear), (14 bytes).
    Removing uart.o(i.UARTModemControlGet), (8 bytes).
    Removing uart.o(i.UARTModemControlSet), (12 bytes).
    Removing uart.o(i.UARTModemStatusGet), (10 bytes).
    Removing uart.o(i.UARTParityModeGet), (8 bytes).
    Removing uart.o(i.UARTParityModeSet), (12 bytes).
    Removing uart.o(i.UARTRxErrorClear), (6 bytes).
    Removing uart.o(i.UARTRxErrorGet), (8 bytes).
    Removing uart.o(i.UARTSmartCardDisable), (10 bytes).
    Removing uart.o(i.UARTSmartCardEnable), (22 bytes).
    Removing uart.o(i.UARTSpaceAvail), (10 bytes).
    Removing uart.o(i.UARTTxIntModeGet), (8 bytes).
    Removing uart.o(i.UARTTxIntModeSet), (12 bytes).
    Removing uart.o(.constdata), (128 bytes).
    Removing cpu.o(.emb_text), (38 bytes).
    Removing interrupt.o(i.IntDisable), (100 bytes).
    Removing interrupt.o(i.IntIsEnabled), (96 bytes).
    Removing interrupt.o(i.IntMasterDisable), (14 bytes).
    Removing interrupt.o(i.IntMasterEnable), (14 bytes).
    Removing interrupt.o(i.IntPendClear), (68 bytes).
    Removing interrupt.o(i.IntPendSet), (84 bytes).
    Removing interrupt.o(i.IntPriorityGet), (28 bytes).
    Removing interrupt.o(i.IntPriorityGroupingGet), (36 bytes).
    Removing interrupt.o(i.IntPriorityGroupingSet), (28 bytes).
    Removing interrupt.o(i.IntPriorityMaskGet), (4 bytes).
    Removing interrupt.o(i.IntPriorityMaskSet), (4 bytes).
    Removing interrupt.o(i.IntPrioritySet), (40 bytes).
    Removing interrupt.o(i.IntTrigger), (12 bytes).
    Removing interrupt.o(i.IntUnregister), (20 bytes).
    Removing interrupt.o(i._IntDefaultHandler), (2 bytes).

291 unused section(s) (total 11654 bytes) removed from the image.

==============================================================================

Image Symbol Table

    Local Symbols

    Symbol Name                              Value     Ov Type        Size  Object(Section)

    RESET                                    0x00000000   Section      648  startup_rvmdk.o(RESET)
    ../clib/../cmprslib/zerorunl.c           0x00000000   Number         0  __dczerorl.o ABSOLUTE
    ../clib/microlib/init/entry.s            0x00000000   Number         0  entry5.o ABSOLUTE
    ../clib/microlib/init/entry.s            0x00000000   Number         0  entry2.o ABSOLUTE
    ../clib/microlib/init/entry.s            0x00000000   Number         0  entry11b.o ABSOLUTE
    ../clib/microlib/init/entry.s            0x00000000   Number         0  entry.o ABSOLUTE
    ../clib/microlib/init/entry.s            0x00000000   Number         0  entry8b.o ABSOLUTE
    ../clib/microlib/init/entry.s            0x00000000   Number         0  entry8a.o ABSOLUTE
    ../clib/microlib/init/entry.s            0x00000000   Number         0  entry9a.o ABSOLUTE
    ../clib/microlib/init/entry.s            0x00000000   Number         0  entry7b.o ABSOLUTE
    ../clib/microlib/init/entry.s            0x00000000   Number         0  entry11a.o ABSOLUTE
    ../clib/microlib/init/entry.s            0x00000000   Number         0  entry7a.o ABSOLUTE
    ../clib/microlib/init/entry.s            0x00000000   Number         0  entry10b.o ABSOLUTE
    ../clib/microlib/init/entry.s            0x00000000   Number         0  entry10a.o ABSOLUTE
    ../clib/microlib/init/entry.s            0x00000000   Number         0  entry9b.o ABSOLUTE
    ../clib/microlib/string/memcpy.c         0x00000000   Number         0  memcpyb.o ABSOLUTE
    ../clib/microlib/string/memcpy.c         0x00000000   Number         0  memcpya.o ABSOLUTE
    ../clib/microlib/string/memset.c         0x00000000   Number         0  memseta.o ABSOLUTE
    ADC_task.c                               0x00000000   Number         0  adc_task.o ABSOLUTE
    D:\\rtos\\FreeRTOSv9.0.0\\FreeRTOS\\Source\\portable\\RVDS\\ARM_CM4F\\port.c 0x00000000   Number         0  port.o ABSOLUTE
    D:\rtos\FreeRTOSv9.0.0\FreeRTOS\Source\croutine.c 0x00000000   Number         0  croutine.o ABSOLUTE
    D:\rtos\FreeRTOSv9.0.0\FreeRTOS\Source\event_groups.c 0x00000000   Number         0  event_groups.o ABSOLUTE
    D:\rtos\FreeRTOSv9.0.0\FreeRTOS\Source\list.c 0x00000000   Number         0  list.o ABSOLUTE
    D:\rtos\FreeRTOSv9.0.0\FreeRTOS\Source\portable\MemMang\heap_2.c 0x00000000   Number         0  heap_2.o ABSOLUTE
    D:\rtos\FreeRTOSv9.0.0\FreeRTOS\Source\portable\RVDS\ARM_CM4F\port.c 0x00000000   Number         0  port.o ABSOLUTE
    D:\rtos\FreeRTOSv9.0.0\FreeRTOS\Source\queue.c 0x00000000   Number         0  queue.o ABSOLUTE
    D:\rtos\FreeRTOSv9.0.0\FreeRTOS\Source\tasks.c 0x00000000   Number         0  tasks.o ABSOLUTE
    D:\rtos\FreeRTOSv9.0.0\FreeRTOS\Source\timers.c 0x00000000   Number         0  timers.o ABSOLUTE
    D:\ti\TivaWare_C_Series-2.1.3.156\utils\uartstdio.c 0x00000000   Number         0  uartstdio.o ABSOLUTE
    D:\ti\TivaWare_C_Series-2.1.3.156\utils\ustdlib.c 0x00000000   Number         0  ustdlib.o ABSOLUTE
    adc.c                                    0x00000000   Number         0  adc.o ABSOLUTE
    adc_api.c                                0x00000000   Number         0  adc_api.o ABSOLUTE
    cpu.c                                    0x00000000   Number         0  cpu.o ABSOLUTE
    cpu.c                                    0x00000000   Number         0  cpu.o ABSOLUTE
    dc.s                                     0x00000000   Number         0  dc.o ABSOLUTE
    delay.c                                  0x00000000   Number         0  delay.o ABSOLUTE
    handlers.s                               0x00000000   Number         0  handlers.o ABSOLUTE
    i2cDriver.c                              0x00000000   Number         0  i2cdriver.o ABSOLUTE
    init.s                                   0x00000000   Number         0  init.o ABSOLUTE
    interrupt.c                              0x00000000   Number         0  interrupt.o ABSOLUTE
    lcd_i2c.c                                0x00000000   Number         0  lcd_i2c.o ABSOLUTE
    lcd_task.c                               0x00000000   Number         0  lcd_task.o ABSOLUTE
    main.c                                   0x00000000   Number         0  main.o ABSOLUTE
    sensors.c                                0x00000000   Number         0  sensors.o ABSOLUTE
    startup_rvmdk.S                          0x00000000   Number         0  startup_rvmdk.o ABSOLUTE
    sysctl.c                                 0x00000000   Number         0  sysctl.o ABSOLUTE
    sysctl.c                                 0x00000000   Number         0  sysctl.o ABSOLUTE
    timer.c                                  0x00000000   Number         0  timer.o ABSOLUTE
    uart.c                                   0x00000000   Number         0  uart.o ABSOLUTE
    $v0                                      0x0000026c   Number         0  startup_rvmdk.o(RESET)
    NmiSR                                    0x00000281   Thumb Code     0  startup_rvmdk.o(RESET)
    FaultISR                                 0x00000283   Thumb Code     0  startup_rvmdk.o(RESET)
    IntDefaultHandler                        0x00000285   Thumb Code     0  startup_rvmdk.o(RESET)
    .ARM.Collect$$$$00000000                 0x00000288   Section        0  entry.o(.ARM.Collect$$$$00000000)
    .ARM.Collect$$$$00000001                 0x00000288   Section        4  entry2.o(.ARM.Collect$$$$00000001)
    .ARM.Collect$$$$00000004                 0x0000028c   Section        4  entry5.o(.ARM.Collect$$$$00000004)
    .ARM.Collect$$$$00000008                 0x00000290   Section        0  entry7b.o(.ARM.Collect$$$$00000008)
    .ARM.Collect$$$$0000000A                 0x00000290   Section        0  entry8b.o(.ARM.Collect$$$$0000000A)
    .ARM.Collect$$$$0000000B                 0x00000290   Section        8  entry9a.o(.ARM.Collect$$$$0000000B)
    .ARM.Collect$$$$0000000D                 0x00000298   Section        0  entry10a.o(.ARM.Collect$$$$0000000D)
    .ARM.Collect$$$$0000000F                 0x00000298   Section        0  entry11a.o(.ARM.Collect$$$$0000000F)
    .ARM.Collect$$$$00002712                 0x00000298   Section        4  entry2.o(.ARM.Collect$$$$00002712)
    __lit__00000000                          0x00000298   Data           4  entry2.o(.ARM.Collect$$$$00002712)
    .emb_text                                0x0000029c   Section      182  port.o(.emb_text)
    $v0                                      0x0000029c   Number         0  port.o(.emb_text)
    .emb_text                                0x00000354   Section        6  sysctl.o(.emb_text)
    $v0                                      0x00000354   Number         0  sysctl.o(.emb_text)
    .text                                    0x0000035a   Section        0  memcpya.o(.text)
    .text                                    0x0000037e   Section        0  memseta.o(.text)
    .text                                    0x000003a4   Section       36  init.o(.text)
    .text                                    0x000003c8   Section        0  __dczerorl.o(.text)
    i.ADC0IntHandler                         0x00000404   Section        0  adc_api.o(i.ADC0IntHandler)
    i.ADCGetSensor2                          0x00000430   Section        0  adc_api.o(i.ADCGetSensor2)
    i.ADCIntRegister                         0x0000043c   Section        0  adc.o(i.ADCIntRegister)
    i.ADCSequenceConfigure                   0x000004a4   Section        0  adc.o(i.ADCSequenceConfigure)
    i.ADCTask                                0x0000050c   Section        0  adc_task.o(i.ADCTask)
    ADCTask                                  0x0000050d   Thumb Code    60  adc_task.o(i.ADCTask)
    i.ADCTaskInit                            0x00000550   Section        0  adc_task.o(i.ADCTaskInit)
    i.ADCTimerTriggeredInit                  0x000005ac   Section        0  adc_api.o(i.ADCTimerTriggeredInit)
    i.ConfigureUART                          0x000006d0   Section        0  main.o(i.ConfigureUART)
    i.IntEnable                              0x0000072c   Section        0  interrupt.o(i.IntEnable)
    i.IntRegister                            0x00000790   Section        0  interrupt.o(i.IntRegister)
    i.LCDTask                                0x000007c4   Section        0  lcd_task.o(i.LCDTask)
    LCDTask                                  0x000007c5   Thumb Code    84  lcd_task.o(i.LCDTask)
    i.LCDTaskInit                            0x00000820   Section        0  lcd_task.o(i.LCDTaskInit)
    i.SysCtlClockGet                         0x00000864   Section        0  sysctl.o(i.SysCtlClockGet)
    i.SysCtlClockSet                         0x000009b8   Section        0  sysctl.o(i.SysCtlClockSet)
    i.SysTickInt                             0x00000ad8   Section        0  delay.o(i.SysTickInt)
    i.ThrottleSensorGetValue                 0x00000afc   Section        0  sensors.o(i.ThrottleSensorGetValue)
    i.ThrottleSensorInit                     0x00000b00   Section        0  sensors.o(i.ThrottleSensorInit)
    i.Timer1_Init                            0x00000b04   Section        0  delay.o(i.Timer1_Init)
    i.TimerClockSourceSet                    0x00000b8c   Section        0  timer.o(i.TimerClockSourceSet)
    i.TimerIntRegister                       0x00000b94   Section        0  timer.o(i.TimerIntRegister)
    i.UARTClockSourceSet                     0x00000bfc   Section        0  uart.o(i.UARTClockSourceSet)
    i.UARTStdioConfig                        0x00000c04   Section        0  uartstdio.o(i.UARTStdioConfig)
    i.UARTprintf                             0x00000c60   Section        0  uartstdio.o(i.UARTprintf)
    i.UARTvprintf                            0x00000c74   Section        0  uartstdio.o(i.UARTvprintf)
    i.UARTwrite                              0x00000e28   Section        0  uartstdio.o(i.UARTwrite)
    i.__scatterload_copy                     0x00000e64   Section       14  handlers.o(i.__scatterload_copy)
    i.__scatterload_null                     0x00000e72   Section        2  handlers.o(i.__scatterload_null)
    i.__scatterload_zeroinit                 0x00000e74   Section       14  handlers.o(i.__scatterload_zeroinit)
    i.command                                0x00000e82   Section        0  lcd_i2c.o(i.command)
    command                                  0x00000e83   Thumb Code     6  lcd_i2c.o(i.command)
    i.delay_ms                               0x00000e88   Section        0  delay.o(i.delay_ms)
    i.delay_us                               0x00000ea8   Section        0  delay.o(i.delay_us)
    i.expanderWrite                          0x00000ec0   Section        0  lcd_i2c.o(i.expanderWrite)
    expanderWrite                            0x00000ec1   Thumb Code    12  lcd_i2c.o(i.expanderWrite)
    i.i2cDriverInit                          0x00000ed0   Section        0  i2cdriver.o(i.i2cDriverInit)
    i.i2cDriverWrite                         0x00000f34   Section        0  i2cdriver.o(i.i2cDriverWrite)
    i.itoascii                               0x00000f70   Section        0  lcd_task.o(i.itoascii)
    i.lcdI2cClear                            0x00000fc6   Section        0  lcd_i2c.o(i.lcdI2cClear)
    i.lcdI2cDisplay                          0x00000fdc   Section        0  lcd_i2c.o(i.lcdI2cDisplay)
    i.lcdI2cHome                             0x00000ff4   Section        0  lcd_i2c.o(i.lcdI2cHome)
    i.lcdI2cInit                             0x00001008   Section        0  lcd_i2c.o(i.lcdI2cInit)
    i.lcdI2cPrint                            0x000010bc   Section        0  lcd_i2c.o(i.lcdI2cPrint)
    i.main                                   0x000010d4   Section        0  main.o(i.main)
    i.prvAddCurrentTaskToDelayedList         0x00001134   Section        0  tasks.o(i.prvAddCurrentTaskToDelayedList)
    prvAddCurrentTaskToDelayedList           0x00001135   Thumb Code   102  tasks.o(i.prvAddCurrentTaskToDelayedList)
    i.prvAddNewTaskToReadyList               0x000011a4   Section        0  tasks.o(i.prvAddNewTaskToReadyList)
    prvAddNewTaskToReadyList                 0x000011a5   Thumb Code   192  tasks.o(i.prvAddNewTaskToReadyList)
    i.prvCheckTasksWaitingTermination        0x00001274   Section        0  tasks.o(i.prvCheckTasksWaitingTermination)
    prvCheckTasksWaitingTermination          0x00001275   Thumb Code    74  tasks.o(i.prvCheckTasksWaitingTermination)
    i.prvCopyDataFromQueue                   0x000012c8   Section        0  queue.o(i.prvCopyDataFromQueue)
    prvCopyDataFromQueue                     0x000012c9   Thumb Code    38  queue.o(i.prvCopyDataFromQueue)
    i.prvCopyDataToQueue                     0x000012ee   Section        0  queue.o(i.prvCopyDataToQueue)
    prvCopyDataToQueue                       0x000012ef   Thumb Code   108  queue.o(i.prvCopyDataToQueue)
    i.prvDeleteTCB                           0x0000135a   Section        0  tasks.o(i.prvDeleteTCB)
    prvDeleteTCB                             0x0000135b   Thumb Code    20  tasks.o(i.prvDeleteTCB)
    i.prvIdleTask                            0x0000136e   Section        0  tasks.o(i.prvIdleTask)
    prvIdleTask                              0x0000136f   Thumb Code     6  tasks.o(i.prvIdleTask)
    i.prvInitialiseNewTask                   0x00001374   Section        0  tasks.o(i.prvInitialiseNewTask)
    prvInitialiseNewTask                     0x00001375   Thumb Code   138  tasks.o(i.prvInitialiseNewTask)
    i.prvIsQueueEmpty                        0x000013fe   Section        0  queue.o(i.prvIsQueueEmpty)
    prvIsQueueEmpty                          0x000013ff   Thumb Code    26  queue.o(i.prvIsQueueEmpty)
    i.prvResetNextTaskUnblockTime            0x00001418   Section        0  tasks.o(i.prvResetNextTaskUnblockTime)
    prvResetNextTaskUnblockTime              0x00001419   Thumb Code    26  tasks.o(i.prvResetNextTaskUnblockTime)
    i.prvTaskExitError                       0x00001438   Section        0  port.o(i.prvTaskExitError)
    prvTaskExitError                         0x00001439   Thumb Code    16  port.o(i.prvTaskExitError)
    i.prvUnlockQueue                         0x00001448   Section        0  queue.o(i.prvUnlockQueue)
    prvUnlockQueue                           0x00001449   Thumb Code   106  queue.o(i.prvUnlockQueue)
    i.pvPortMalloc                           0x000014b4   Section        0  heap_2.o(i.pvPortMalloc)
    i.pvTaskIncrementMutexHeldCount          0x00001568   Section        0  tasks.o(i.pvTaskIncrementMutexHeldCount)
    i.pxPortInitialiseStack                  0x00001580   Section        0  port.o(i.pxPortInitialiseStack)
    i.send                                   0x000015ac   Section        0  lcd_i2c.o(i.send)
    send                                     0x000015ad   Thumb Code    32  lcd_i2c.o(i.send)
    i.uxListRemove                           0x000015cc   Section        0  list.o(i.uxListRemove)
    i.vApplicationStackOverflowHook          0x000015f0   Section        0  main.o(i.vApplicationStackOverflowHook)
    i.vListInitialise                        0x000015f2   Section        0  list.o(i.vListInitialise)
    i.vListInitialiseItem                    0x00001608   Section        0  list.o(i.vListInitialiseItem)
    i.vListInsert                            0x0000160e   Section        0  list.o(i.vListInsert)
    i.vListInsertEnd                         0x0000163e   Section        0  list.o(i.vListInsertEnd)
    i.vPortEnterCritical                     0x00001658   Section        0  port.o(i.vPortEnterCritical)
    i.vPortExitCritical                      0x00001674   Section        0  port.o(i.vPortExitCritical)
    i.vPortFree                              0x00001688   Section        0  heap_2.o(i.vPortFree)
    i.vPortSetupTimerInterrupt               0x000016c4   Section        0  port.o(i.vPortSetupTimerInterrupt)
    i.vTaskDelay                             0x000016d8   Section        0  tasks.o(i.vTaskDelay)
    i.vTaskMissedYield                       0x00001708   Section        0  tasks.o(i.vTaskMissedYield)
    i.vTaskPlaceOnEventList                  0x00001714   Section        0  tasks.o(i.vTaskPlaceOnEventList)
    i.vTaskPriorityInherit                   0x00001738   Section        0  tasks.o(i.vTaskPriorityInherit)
    i.vTaskSetTimeOutState                   0x000017bc   Section        0  tasks.o(i.vTaskSetTimeOutState)
    i.vTaskStartScheduler                    0x000017cc   Section        0  tasks.o(i.vTaskStartScheduler)
    i.vTaskSuspendAll                        0x00001820   Section        0  tasks.o(i.vTaskSuspendAll)
    i.vTaskSwitchContext                     0x00001830   Section        0  tasks.o(i.vTaskSwitchContext)
    i.write4bits                             0x000018a0   Section        0  lcd_i2c.o(i.write4bits)
    write4bits                               0x000018a1   Thumb Code    40  lcd_i2c.o(i.write4bits)
    i.xPortStartScheduler                    0x000018c8   Section        0  port.o(i.xPortStartScheduler)
    i.xPortSysTickHandler                    0x00001908   Section        0  port.o(i.xPortSysTickHandler)
    i.xQueueCreateMutex                      0x00001934   Section        0  queue.o(i.xQueueCreateMutex)
    i.xQueueGenericCreate                    0x00001958   Section        0  queue.o(i.xQueueGenericCreate)
    i.xQueueGenericReceive                   0x00001998   Section        0  queue.o(i.xQueueGenericReceive)
    i.xQueueGenericReset                     0x00001abc   Section        0  queue.o(i.xQueueGenericReset)
    i.xQueueGenericSend                      0x00001b30   Section        0  queue.o(i.xQueueGenericSend)
    i.xTaskCheckForTimeOut                   0x00001c30   Section        0  tasks.o(i.xTaskCheckForTimeOut)
    i.xTaskCreate                            0x00001c78   Section        0  tasks.o(i.xTaskCreate)
    i.xTaskIncrementTick                     0x00001cd0   Section        0  tasks.o(i.xTaskIncrementTick)
    i.xTaskPriorityDisinherit                0x00001d84   Section        0  tasks.o(i.xTaskPriorityDisinherit)
    i.xTaskRemoveFromEventList               0x00001df4   Section        0  tasks.o(i.xTaskRemoveFromEventList)
    i.xTaskResumeAll                         0x00001e58   Section        0  tasks.o(i.xTaskResumeAll)
    .constdata                               0x00001f08   Section       28  uartstdio.o(.constdata)
    g_pcHex                                  0x00001f08   Data           4  uartstdio.o(.constdata)
    g_ui32UARTBase                           0x00001f0c   Data          12  uartstdio.o(.constdata)
    g_ui32UARTPeriph                         0x00001f18   Data          12  uartstdio.o(.constdata)
    .constdata                               0x00001f24   Section      596  sysctl.o(.constdata)
    g_pui32VCOFrequencies                    0x00001f24   Data           8  sysctl.o(.constdata)
    g_pui32Xtals                             0x00001f2c   Data         108  sysctl.o(.constdata)
    g_pppui32XTALtoVCO                       0x00001f98   Data         432  sysctl.o(.constdata)
    g_sXTALtoMEMTIM                          0x00002148   Data          48  sysctl.o(.constdata)
    .constdata                               0x00002178   Section      160  timer.o(.constdata)
    g_ppui32TimerIntMap                      0x00002178   Data          96  timer.o(.constdata)
    g_ppui32TimerIntMapSnowflake             0x000021d8   Data          64  timer.o(.constdata)
    .constdata                               0x00002218   Section      268  interrupt.o(.constdata)
    g_pui32Priority                          0x00002218   Data          32  interrupt.o(.constdata)
    g_pui32Regs                              0x00002238   Data         156  interrupt.o(.constdata)
    g_pui32EnRegs                            0x000022d4   Data          20  interrupt.o(.constdata)
    g_pui32Dii16Regs                         0x000022e8   Data          20  interrupt.o(.constdata)
    g_pui32PendRegs                          0x000022fc   Data          20  interrupt.o(.constdata)
    g_pui32UnpendRegs                        0x00002310   Data          20  interrupt.o(.constdata)
    .conststring                             0x00002324   Section       17  uartstdio.o(.conststring)
    .data                                    0x20000000   Section       12  main.o(.data)
    .data                                    0x2000000c   Section        8  lcd_i2c.o(.data)
    _addr                                    0x2000000c   Data           1  lcd_i2c.o(.data)
    _displayfunction                         0x2000000d   Data           1  lcd_i2c.o(.data)
    _displaycontrol                          0x2000000e   Data           1  lcd_i2c.o(.data)
    _displaymode                             0x2000000f   Data           1  lcd_i2c.o(.data)
    _cols                                    0x20000010   Data           1  lcd_i2c.o(.data)
    _rows                                    0x20000011   Data           1  lcd_i2c.o(.data)
    _charsize                                0x20000012   Data           1  lcd_i2c.o(.data)
    _backlightval                            0x20000013   Data           1  lcd_i2c.o(.data)
    .data                                    0x20000014   Section        4  adc_task.o(.data)
    .data                                    0x20000018   Section        4  delay.o(.data)
    .data                                    0x2000001c   Section        8  uartstdio.o(.data)
    bLastWasCR                               0x2000001c   Data           1  uartstdio.o(.data)
    g_ui32Base                               0x20000020   Data           4  uartstdio.o(.data)
    .data                                    0x20000024   Section       60  tasks.o(.data)
    uxDeletedTasksWaitingCleanUp             0x20000028   Data           4  tasks.o(.data)
    uxCurrentNumberOfTasks                   0x2000002c   Data           4  tasks.o(.data)
    xTickCount                               0x20000030   Data           4  tasks.o(.data)
    uxTopReadyPriority                       0x20000034   Data           4  tasks.o(.data)
    xSchedulerRunning                        0x20000038   Data           4  tasks.o(.data)
    uxPendedTicks                            0x2000003c   Data           4  tasks.o(.data)
    xYieldPending                            0x20000040   Data           4  tasks.o(.data)
    xNumOfOverflows                          0x20000044   Data           4  tasks.o(.data)
    uxTaskNumber                             0x20000048   Data           4  tasks.o(.data)
    xNextTaskUnblockTime                     0x2000004c   Data           4  tasks.o(.data)
    xIdleTaskHandle                          0x20000050   Data           4  tasks.o(.data)
    uxSchedulerSuspended                     0x20000054   Data           4  tasks.o(.data)
    pxDelayedTaskList                        0x20000058   Data           4  tasks.o(.data)
    pxOverflowDelayedTaskList                0x2000005c   Data           4  tasks.o(.data)
    .data                                    0x20000060   Section       24  heap_2.o(.data)
    xFreeBytesRemaining                      0x20000060   Data           4  heap_2.o(.data)
    xHeapHasBeenInitialised                  0x20000064   Data           4  heap_2.o(.data)
    xStart                                   0x20000068   Data           8  heap_2.o(.data)
    xEnd                                     0x20000070   Data           8  heap_2.o(.data)
    .data                                    0x20000078   Section        4  port.o(.data)
    uxCriticalNesting                        0x20000078   Data           4  port.o(.data)
    vtable                                   0x20000400   Section      620  interrupt.o(vtable)
    g_pfnRAMVectors                          0x20000400   Data         620  interrupt.o(vtable)
    .bss                                     0x2000066c   Section       16  adc_api.o(.bss)
    .bss                                     0x2000067c   Section      420  tasks.o(.bss)
    pxReadyTasksLists                        0x2000067c   Data         320  tasks.o(.bss)
    xDelayedTaskList1                        0x200007bc   Data          20  tasks.o(.bss)
    xDelayedTaskList2                        0x200007d0   Data          20  tasks.o(.bss)
    xPendingReadyList                        0x200007e4   Data          20  tasks.o(.bss)
    xTasksWaitingTermination                 0x200007f8   Data          20  tasks.o(.bss)
    xSuspendedTaskList                       0x2000080c   Data          20  tasks.o(.bss)
    .bss                                     0x20000820   Section    30000  heap_2.o(.bss)
    ucHeap                                   0x20000820   Data       30000  heap_2.o(.bss)
    STACK                                    0x20007d50   Section      512  startup_rvmdk.o(STACK)
    StackMem                                 0x20007d50   Data           0  startup_rvmdk.o(STACK)

    Global Symbols

    Symbol Name                              Value     Ov Type        Size  Object(Section)

    BuildAttributes$$THM_ISAv4$E$P$D$K$B$S$7EM$VFPi3$EXTD16$VFPS$VFMA$PE$A:L22UL41UL21$X:L11$S22US41US21$IEEE1$IW$USESV6$~STKCKD$USESV7$~SHL$OTIME$EBA8$MICROLIB$REQ8$PRES8$EABIv2 0x00000000   Number         0  anon$$obj.o ABSOLUTE
    __ARM_use_no_argv                        0x00000000   Number         0  main.o ABSOLUTE
    __Vectors                                0x00000000   Data           0  startup_rvmdk.o(RESET)
    __cpp_initialize__aeabi_                  - Undefined Weak Reference
    __cxa_finalize                            - Undefined Weak Reference
    _clock_init                               - Undefined Weak Reference
    _microlib_exit                            - Undefined Weak Reference
    Reset_Handler                            0x0000026d   Thumb Code     0  startup_rvmdk.o(RESET)
    __main                                   0x00000289   Thumb Code     0  entry.o(.ARM.Collect$$$$00000000)
    _main_stk                                0x00000289   Thumb Code     0  entry2.o(.ARM.Collect$$$$00000001)
    _main_scatterload                        0x0000028d   Thumb Code     0  entry5.o(.ARM.Collect$$$$00000004)
    __main_after_scatterload                 0x00000291   Thumb Code     0  entry5.o(.ARM.Collect$$$$00000004)
    _main_clock                              0x00000291   Thumb Code     0  entry7b.o(.ARM.Collect$$$$00000008)
    _main_cpp_init                           0x00000291   Thumb Code     0  entry8b.o(.ARM.Collect$$$$0000000A)
    _main_init                               0x00000291   Thumb Code     0  entry9a.o(.ARM.Collect$$$$0000000B)
    __rt_final_cpp                           0x00000299   Thumb Code     0  entry10a.o(.ARM.Collect$$$$0000000D)
    __rt_final_exit                          0x00000299   Thumb Code     0  entry11a.o(.ARM.Collect$$$$0000000F)
    vPortSVCHandler                          0x0000029d   Thumb Code    28  port.o(.emb_text)
    __asm___6_port_c_39a90d8d__prvStartFirstTask 0x000002bd   Thumb Code    28  port.o(.emb_text)
    __asm___6_port_c_39a90d8d__prvEnableVFP  0x000002dd   Thumb Code    16  port.o(.emb_text)
    xPortPendSVHandler                       0x000002f1   Thumb Code    88  port.o(.emb_text)
    vPortGetIPSR                             0x0000034d   Thumb Code     6  port.o(.emb_text)
    SysCtlDelay                              0x00000355   Thumb Code     6  sysctl.o(.emb_text)
    __aeabi_memcpy                           0x0000035b   Thumb Code    36  memcpya.o(.text)
    __aeabi_memcpy4                          0x0000035b   Thumb Code     0  memcpya.o(.text)
    __aeabi_memcpy8                          0x0000035b   Thumb Code     0  memcpya.o(.text)
    __aeabi_memset                           0x0000037f   Thumb Code    14  memseta.o(.text)
    __aeabi_memset4                          0x0000037f   Thumb Code     0  memseta.o(.text)
    __aeabi_memset8                          0x0000037f   Thumb Code     0  memseta.o(.text)
    __aeabi_memclr                           0x0000038d   Thumb Code     4  memseta.o(.text)
    __aeabi_memclr4                          0x0000038d   Thumb Code     0  memseta.o(.text)
    __aeabi_memclr8                          0x0000038d   Thumb Code     0  memseta.o(.text)
    _memset$wrapper                          0x00000391   Thumb Code    18  memseta.o(.text)
    __scatterload                            0x000003a5   Thumb Code    28  init.o(.text)
    __scatterload_rt2                        0x000003a5   Thumb Code     0  init.o(.text)
    __decompress                             0x000003c9   Thumb Code     0  __dczerorl.o(.text)
    __decompress0                            0x000003c9   Thumb Code    58  __dczerorl.o(.text)
    ADC0IntHandler                           0x00000405   Thumb Code    34  adc_api.o(i.ADC0IntHandler)
    ADCGetSensor2                            0x00000431   Thumb Code     6  adc_api.o(i.ADCGetSensor2)
    ADCIntRegister                           0x0000043d   Thumb Code    92  adc.o(i.ADCIntRegister)
    ADCSequenceConfigure                     0x000004a5   Thumb Code    98  adc.o(i.ADCSequenceConfigure)
    ADCTaskInit                              0x00000551   Thumb Code    58  adc_task.o(i.ADCTaskInit)
    ADCTimerTriggeredInit                    0x000005ad   Thumb Code   258  adc_api.o(i.ADCTimerTriggeredInit)
    ConfigureUART                            0x000006d1   Thumb Code    76  main.o(i.ConfigureUART)
    IntEnable                                0x0000072d   Thumb Code    92  interrupt.o(i.IntEnable)
    IntRegister                              0x00000791   Thumb Code    44  interrupt.o(i.IntRegister)
    LCDTaskInit                              0x00000821   Thumb Code    40  lcd_task.o(i.LCDTaskInit)
    SysCtlClockGet                           0x00000865   Thumb Code   304  sysctl.o(i.SysCtlClockGet)
    SysCtlClockSet                           0x000009b9   Thumb Code   270  sysctl.o(i.SysCtlClockSet)
    SysTickInt                               0x00000ad9   Thumb Code    26  delay.o(i.SysTickInt)
    ThrottleSensorGetValue                   0x00000afd   Thumb Code     4  sensors.o(i.ThrottleSensorGetValue)
    ThrottleSensorInit                       0x00000b01   Thumb Code     4  sensors.o(i.ThrottleSensorInit)
    Timer1_Init                              0x00000b05   Thumb Code   114  delay.o(i.Timer1_Init)
    TimerClockSourceSet                      0x00000b8d   Thumb Code     6  timer.o(i.TimerClockSourceSet)
    TimerIntRegister                         0x00000b95   Thumb Code    88  timer.o(i.TimerIntRegister)
    UARTClockSourceSet                       0x00000bfd   Thumb Code     6  uart.o(i.UARTClockSourceSet)
    UARTStdioConfig                          0x00000c05   Thumb Code    82  uartstdio.o(i.UARTStdioConfig)
    UARTprintf                               0x00000c61   Thumb Code    18  uartstdio.o(i.UARTprintf)
    UARTvprintf                              0x00000c75   Thumb Code   420  uartstdio.o(i.UARTvprintf)
    UARTwrite                                0x00000e29   Thumb Code    56  uartstdio.o(i.UARTwrite)
    __scatterload_copy                       0x00000e65   Thumb Code    14  handlers.o(i.__scatterload_copy)
    __scatterload_null                       0x00000e73   Thumb Code     2  handlers.o(i.__scatterload_null)
    __scatterload_zeroinit                   0x00000e75   Thumb Code    14  handlers.o(i.__scatterload_zeroinit)
    delay_ms                                 0x00000e89   Thumb Code    26  delay.o(i.delay_ms)
    delay_us                                 0x00000ea9   Thumb Code    20  delay.o(i.delay_us)
    i2cDriverInit                            0x00000ed1   Thumb Code    88  i2cdriver.o(i.i2cDriverInit)
    i2cDriverWrite                           0x00000f35   Thumb Code    56  i2cdriver.o(i.i2cDriverWrite)
    itoascii                                 0x00000f71   Thumb Code    86  lcd_task.o(i.itoascii)
    lcdI2cClear                              0x00000fc7   Thumb Code    20  lcd_i2c.o(i.lcdI2cClear)
    lcdI2cDisplay                            0x00000fdd   Thumb Code    20  lcd_i2c.o(i.lcdI2cDisplay)
    lcdI2cHome                               0x00000ff5   Thumb Code    20  lcd_i2c.o(i.lcdI2cHome)
    lcdI2cInit                               0x00001009   Thumb Code   174  lcd_i2c.o(i.lcdI2cInit)
    lcdI2cPrint                              0x000010bd   Thumb Code    22  lcd_i2c.o(i.lcdI2cPrint)
    main                                     0x000010d5   Thumb Code    64  main.o(i.main)
    pvPortMalloc                             0x000014b5   Thumb Code   172  heap_2.o(i.pvPortMalloc)
    pvTaskIncrementMutexHeldCount            0x00001569   Thumb Code    18  tasks.o(i.pvTaskIncrementMutexHeldCount)
    pxPortInitialiseStack                    0x00001581   Thumb Code    40  port.o(i.pxPortInitialiseStack)
    uxListRemove                             0x000015cd   Thumb Code    36  list.o(i.uxListRemove)
    vApplicationStackOverflowHook            0x000015f1   Thumb Code     2  main.o(i.vApplicationStackOverflowHook)
    vListInitialise                          0x000015f3   Thumb Code    22  list.o(i.vListInitialise)
    vListInitialiseItem                      0x00001609   Thumb Code     6  list.o(i.vListInitialiseItem)
    vListInsert                              0x0000160f   Thumb Code    48  list.o(i.vListInsert)
    vListInsertEnd                           0x0000163f   Thumb Code    24  list.o(i.vListInsertEnd)
    vPortEnterCritical                       0x00001659   Thumb Code    24  port.o(i.vPortEnterCritical)
    vPortExitCritical                        0x00001675   Thumb Code    16  port.o(i.vPortExitCritical)
    vPortFree                                0x00001689   Thumb Code    56  heap_2.o(i.vPortFree)
    vPortSetupTimerInterrupt                 0x000016c5   Thumb Code    14  port.o(i.vPortSetupTimerInterrupt)
    vTaskDelay                               0x000016d9   Thumb Code    44  tasks.o(i.vTaskDelay)
    vTaskMissedYield                         0x00001709   Thumb Code     8  tasks.o(i.vTaskMissedYield)
    vTaskPlaceOnEventList                    0x00001715   Thumb Code    30  tasks.o(i.vTaskPlaceOnEventList)
    vTaskPriorityInherit                     0x00001739   Thumb Code   124  tasks.o(i.vTaskPriorityInherit)
    vTaskSetTimeOutState                     0x000017bd   Thumb Code    12  tasks.o(i.vTaskSetTimeOutState)
    vTaskStartScheduler                      0x000017cd   Thumb Code    66  tasks.o(i.vTaskStartScheduler)
    vTaskSuspendAll                          0x00001821   Thumb Code    10  tasks.o(i.vTaskSuspendAll)
    vTaskSwitchContext                       0x00001831   Thumb Code   104  tasks.o(i.vTaskSwitchContext)
    xPortStartScheduler                      0x000018c9   Thumb Code    52  port.o(i.xPortStartScheduler)
    xPortSysTickHandler                      0x00001909   Thumb Code    38  port.o(i.xPortSysTickHandler)
    xQueueCreateMutex                        0x00001935   Thumb Code    36  queue.o(i.xQueueCreateMutex)
    xQueueGenericCreate                      0x00001959   Thumb Code    64  queue.o(i.xQueueGenericCreate)
    xQueueGenericReceive                     0x00001999   Thumb Code   286  queue.o(i.xQueueGenericReceive)
    xQueueGenericReset                       0x00001abd   Thumb Code   112  queue.o(i.xQueueGenericReset)
    xQueueGenericSend                        0x00001b31   Thumb Code   250  queue.o(i.xQueueGenericSend)
    xTaskCheckForTimeOut                     0x00001c31   Thumb Code    66  tasks.o(i.xTaskCheckForTimeOut)
    xTaskCreate                              0x00001c79   Thumb Code    86  tasks.o(i.xTaskCreate)
    xTaskIncrementTick                       0x00001cd1   Thumb Code   170  tasks.o(i.xTaskIncrementTick)
    xTaskPriorityDisinherit                  0x00001d85   Thumb Code   102  tasks.o(i.xTaskPriorityDisinherit)
    xTaskRemoveFromEventList                 0x00001df5   Thumb Code    88  tasks.o(i.xTaskRemoveFromEventList)
    xTaskResumeAll                           0x00001e59   Thumb Code   164  tasks.o(i.xTaskResumeAll)
    Region$$Table$$Base                      0x00002338   Number         0  anon$$obj.o(Region$$Table)
    Region$$Table$$Limit                     0x00002358   Number         0  anon$$obj.o(Region$$Table)
    g_pUARTSemaphore                         0x20000000   Data           4  main.o(.data)
    g_pLCDSemaphore                          0x20000004   Data           4  main.o(.data)
    g_pADCSemaphore                          0x20000008   Data           4  main.o(.data)
    g_pADCQueue                              0x20000014   Data           4  adc_task.o(.data)
    usec                                     0x20000018   Data           4  delay.o(.data)
    pxCurrentTCB                             0x20000024   Data           4  tasks.o(.data)
    ADCData                                  0x2000066c   Data          16  adc_api.o(.bss)
    __initial_sp                             0x20007f50   Data           0  startup_rvmdk.o(STACK)



==============================================================================

Memory Map of the image

  Image Entry point : 0x0000026d

  Load Region LR_IROM1 (Base: 0x00000000, Size: 0x000029c4, Max: 0x00040000, ABSOLUTE, COMPRESSED[0x00002370])

    Execution Region ER_IROM1 (Base: 0x00000000, Size: 0x00002358, Max: 0x00040000, ABSOLUTE)

    Base Addr    Size         Type   Attr      Idx    E Section Name        Object

    0x00000000   0x00000288   Code   RO          407  * RESET               startup_rvmdk.o
    0x00000288   0x00000000   Code   RO         2648  * .ARM.Collect$$$$00000000  mc_w.l(entry.o)
    0x00000288   0x00000004   Code   RO         2657    .ARM.Collect$$$$00000001  mc_w.l(entry2.o)
    0x0000028c   0x00000004   Code   RO         2660    .ARM.Collect$$$$00000004  mc_w.l(entry5.o)
    0x00000290   0x00000000   Code   RO         2662    .ARM.Collect$$$$00000008  mc_w.l(entry7b.o)
    0x00000290   0x00000000   Code   RO         2664    .ARM.Collect$$$$0000000A  mc_w.l(entry8b.o)
    0x00000290   0x00000008   Code   RO         2665    .ARM.Collect$$$$0000000B  mc_w.l(entry9a.o)
    0x00000298   0x00000000   Code   RO         2667    .ARM.Collect$$$$0000000D  mc_w.l(entry10a.o)
    0x00000298   0x00000000   Code   RO         2669    .ARM.Collect$$$$0000000F  mc_w.l(entry11a.o)
    0x00000298   0x00000004   Code   RO         2658    .ARM.Collect$$$$00002712  mc_w.l(entry2.o)
    0x0000029c   0x000000b6   Code   RO         1288    .emb_text           port.o
    0x00000352   0x00000002   PAD
    0x00000354   0x00000006   Code   RO         1637    .emb_text           driverlib.lib(sysctl.o)
    0x0000035a   0x00000024   Code   RO         2651    .text               mc_w.l(memcpya.o)
    0x0000037e   0x00000024   Code   RO         2653    .text               mc_w.l(memseta.o)
    0x000003a2   0x00000002   PAD
    0x000003a4   0x00000024   Code   RO         2671    .text               mc_w.l(init.o)
    0x000003c8   0x0000003a   Code   RO         2681    .text               mc_w.l(__dczerorl.o)
    0x00000402   0x00000002   PAD
    0x00000404   0x0000002c   Code   RO          267    i.ADC0IntHandler    adc_api.o
    0x00000430   0x0000000c   Code   RO          269    i.ADCGetSensor2     adc_api.o
    0x0000043c   0x00000068   Code   RO         1376    i.ADCIntRegister    driverlib.lib(adc.o)
    0x000004a4   0x00000068   Code   RO         1385    i.ADCSequenceConfigure  driverlib.lib(adc.o)
    0x0000050c   0x00000044   Code   RO          345    i.ADCTask           adc_task.o
    0x00000550   0x0000005c   Code   RO          346    i.ADCTaskInit       adc_task.o
    0x000005ac   0x00000124   Code   RO          273    i.ADCTimerTriggeredInit  adc_api.o
    0x000006d0   0x0000005c   Code   RO            1    i.ConfigureUART     main.o
    0x0000072c   0x00000064   Code   RO         2539    i.IntEnable         driverlib.lib(interrupt.o)
    0x00000790   0x00000034   Code   RO         2551    i.IntRegister       driverlib.lib(interrupt.o)
    0x000007c4   0x0000005c   Code   RO          237    i.LCDTask           lcd_task.o
    0x00000820   0x00000044   Code   RO          238    i.LCDTaskInit       lcd_task.o
    0x00000864   0x00000154   Code   RO         1640    i.SysCtlClockGet    driverlib.lib(sysctl.o)
    0x000009b8   0x00000120   Code   RO         1642    i.SysCtlClockSet    driverlib.lib(sysctl.o)
    0x00000ad8   0x00000024   Code   RO          369    i.SysTickInt        delay.o
    0x00000afc   0x00000004   Code   RO          577    i.ThrottleSensorGetValue  sensors.o
    0x00000b00   0x00000004   Code   RO          578    i.ThrottleSensorInit  sensors.o
    0x00000b04   0x00000088   Code   RO          370    i.Timer1_Init       delay.o
    0x00000b8c   0x00000006   Code   RO         1994    i.TimerClockSourceSet  driverlib.lib(timer.o)
    0x00000b92   0x00000002   PAD
    0x00000b94   0x00000068   Code   RO         2008    i.TimerIntRegister  driverlib.lib(timer.o)
    0x00000bfc   0x00000006   Code   RO         2245    i.UARTClockSourceSet  driverlib.lib(uart.o)
    0x00000c02   0x00000002   PAD
    0x00000c04   0x0000005c   Code   RO          412    i.UARTStdioConfig   uartstdio.o
    0x00000c60   0x00000012   Code   RO          415    i.UARTprintf        uartstdio.o
    0x00000c72   0x00000002   PAD
    0x00000c74   0x000001b4   Code   RO          416    i.UARTvprintf       uartstdio.o
    0x00000e28   0x0000003c   Code   RO          417    i.UARTwrite         uartstdio.o
    0x00000e64   0x0000000e   Code   RO         2675    i.__scatterload_copy  mc_w.l(handlers.o)
    0x00000e72   0x00000002   Code   RO         2676    i.__scatterload_null  mc_w.l(handlers.o)
    0x00000e74   0x0000000e   Code   RO         2677    i.__scatterload_zeroinit  mc_w.l(handlers.o)
    0x00000e82   0x00000006   Code   RO          135    i.command           lcd_i2c.o
    0x00000e88   0x00000020   Code   RO          371    i.delay_ms          delay.o
    0x00000ea8   0x00000018   Code   RO          372    i.delay_us          delay.o
    0x00000ec0   0x00000010   Code   RO          136    i.expanderWrite     lcd_i2c.o
    0x00000ed0   0x00000064   Code   RO          105    i.i2cDriverInit     i2cdriver.o
    0x00000f34   0x0000003c   Code   RO          106    i.i2cDriverWrite    i2cdriver.o
    0x00000f70   0x00000056   Code   RO          239    i.itoascii          lcd_task.o
    0x00000fc6   0x00000014   Code   RO          138    i.lcdI2cClear       lcd_i2c.o
    0x00000fda   0x00000002   PAD
    0x00000fdc   0x00000018   Code   RO          140    i.lcdI2cDisplay     lcd_i2c.o
    0x00000ff4   0x00000014   Code   RO          141    i.lcdI2cHome        lcd_i2c.o
    0x00001008   0x000000b4   Code   RO          142    i.lcdI2cInit        lcd_i2c.o
    0x000010bc   0x00000016   Code   RO          146    i.lcdI2cPrint       lcd_i2c.o
    0x000010d2   0x00000002   PAD
    0x000010d4   0x00000060   Code   RO            2    i.main              main.o
    0x00001134   0x00000070   Code   RO          600    i.prvAddCurrentTaskToDelayedList  tasks.o
    0x000011a4   0x000000d0   Code   RO          601    i.prvAddNewTaskToReadyList  tasks.o
    0x00001274   0x00000054   Code   RO          602    i.prvCheckTasksWaitingTermination  tasks.o
    0x000012c8   0x00000026   Code   RO         1083    i.prvCopyDataFromQueue  queue.o
    0x000012ee   0x0000006c   Code   RO         1084    i.prvCopyDataToQueue  queue.o
    0x0000135a   0x00000014   Code   RO          603    i.prvDeleteTCB      tasks.o
    0x0000136e   0x00000006   Code   RO          604    i.prvIdleTask       tasks.o
    0x00001374   0x0000008a   Code   RO          605    i.prvInitialiseNewTask  tasks.o
    0x000013fe   0x0000001a   Code   RO         1085    i.prvIsQueueEmpty   queue.o
    0x00001418   0x00000020   Code   RO          607    i.prvResetNextTaskUnblockTime  tasks.o
    0x00001438   0x00000010   Code   RO         1289    i.prvTaskExitError  port.o
    0x00001448   0x0000006a   Code   RO         1086    i.prvUnlockQueue    queue.o
    0x000014b2   0x00000002   PAD
    0x000014b4   0x000000b4   Code   RO         1255    i.pvPortMalloc      heap_2.o
    0x00001568   0x00000018   Code   RO          610    i.pvTaskIncrementMutexHeldCount  tasks.o
    0x00001580   0x0000002c   Code   RO         1290    i.pxPortInitialiseStack  port.o
    0x000015ac   0x00000020   Code   RO          148    i.send              lcd_i2c.o
    0x000015cc   0x00000024   Code   RO         1046    i.uxListRemove      list.o
    0x000015f0   0x00000002   Code   RO            3    i.vApplicationStackOverflowHook  main.o
    0x000015f2   0x00000016   Code   RO         1047    i.vListInitialise   list.o
    0x00001608   0x00000006   Code   RO         1048    i.vListInitialiseItem  list.o
    0x0000160e   0x00000030   Code   RO         1049    i.vListInsert       list.o
    0x0000163e   0x00000018   Code   RO         1050    i.vListInsertEnd    list.o
    0x00001656   0x00000002   PAD
    0x00001658   0x0000001c   Code   RO         1292    i.vPortEnterCritical  port.o
    0x00001674   0x00000014   Code   RO         1293    i.vPortExitCritical  port.o
    0x00001688   0x0000003c   Code   RO         1256    i.vPortFree         heap_2.o
    0x000016c4   0x00000014   Code   RO         1294    i.vPortSetupTimerInterrupt  port.o
    0x000016d8   0x00000030   Code   RO          619    i.vTaskDelay        tasks.o
    0x00001708   0x0000000c   Code   RO          624    i.vTaskMissedYield  tasks.o
    0x00001714   0x00000024   Code   RO          626    i.vTaskPlaceOnEventList  tasks.o
    0x00001738   0x00000084   Code   RO          628    i.vTaskPriorityInherit  tasks.o
    0x000017bc   0x00000010   Code   RO          632    i.vTaskSetTimeOutState  tasks.o
    0x000017cc   0x00000054   Code   RO          633    i.vTaskStartScheduler  tasks.o
    0x00001820   0x00000010   Code   RO          635    i.vTaskSuspendAll   tasks.o
    0x00001830   0x00000070   Code   RO          636    i.vTaskSwitchContext  tasks.o
    0x000018a0   0x00000028   Code   RO          149    i.write4bits        lcd_i2c.o
    0x000018c8   0x00000040   Code   RO         1295    i.xPortStartScheduler  port.o
    0x00001908   0x0000002c   Code   RO         1296    i.xPortSysTickHandler  port.o
    0x00001934   0x00000024   Code   RO         1096    i.xQueueCreateMutex  queue.o
    0x00001958   0x00000040   Code   RO         1097    i.xQueueGenericCreate  queue.o
    0x00001998   0x00000124   Code   RO         1098    i.xQueueGenericReceive  queue.o
    0x00001abc   0x00000074   Code   RO         1099    i.xQueueGenericReset  queue.o
    0x00001b30   0x00000100   Code   RO         1100    i.xQueueGenericSend  queue.o
    0x00001c30   0x00000048   Code   RO          637    i.xTaskCheckForTimeOut  tasks.o
    0x00001c78   0x00000056   Code   RO          638    i.xTaskCreate       tasks.o
    0x00001cce   0x00000002   PAD
    0x00001cd0   0x000000b4   Code   RO          644    i.xTaskIncrementTick  tasks.o
    0x00001d84   0x00000070   Code   RO          647    i.xTaskPriorityDisinherit  tasks.o
    0x00001df4   0x00000064   Code   RO          648    i.xTaskRemoveFromEventList  tasks.o
    0x00001e58   0x000000b0   Code   RO          650    i.xTaskResumeAll    tasks.o
    0x00001f08   0x0000001c   Data   RO          418    .constdata          uartstdio.o
    0x00001f24   0x00000254   Data   RO         1693    .constdata          driverlib.lib(sysctl.o)
    0x00002178   0x000000a0   Data   RO         2029    .constdata          driverlib.lib(timer.o)
    0x00002218   0x0000010c   Data   RO         2555    .constdata          driverlib.lib(interrupt.o)
    0x00002324   0x00000011   Data   RO          419    .conststring        uartstdio.o
    0x00002335   0x00000003   PAD
    0x00002338   0x00000020   Data   RO         2673    Region$$Table       anon$$obj.o


    Execution Region RW_IRAM1 (Base: 0x20000000, Size: 0x00007f50, Max: 0x00008000, ABSOLUTE, COMPRESSED[0x00000018])

    Base Addr    Size         Type   Attr      Idx    E Section Name        Object

    0x20000000   0x0000000c   Data   RW            4    .data               main.o
    0x2000000c   0x00000008   Data   RW          151    .data               lcd_i2c.o
    0x20000014   0x00000004   Data   RW          347    .data               adc_task.o
    0x20000018   0x00000004   Data   RW          373    .data               delay.o
    0x2000001c   0x00000008   Data   RW          420    .data               uartstdio.o
    0x20000024   0x0000003c   Data   RW          653    .data               tasks.o
    0x20000060   0x00000018   Data   RW         1260    .data               heap_2.o
    0x20000078   0x00000004   Data   RW         1297    .data               port.o
    0x2000007c   0x00000384   PAD
    0x20000400   0x0000026c   Data   RW         2556    vtable              driverlib.lib(interrupt.o)
    0x2000066c   0x00000010   Zero   RW          274    .bss                adc_api.o
    0x2000067c   0x000001a4   Zero   RW          652    .bss                tasks.o
    0x20000820   0x00007530   Zero   RW         1259    .bss                heap_2.o
    0x20007d50   0x00000200   Zero   RW          405    STACK               startup_rvmdk.o


==============================================================================

Image component sizes


      Code (inc. data)   RO Data    RW Data    ZI Data      Debug   Object Name

       348         50          0          0         16       2395   adc_api.o
       160         42          0          4          0       1196   adc_task.o
       228         42          0          4          0       2572   delay.o
         0          0          0          0          0       7852   event_groups.o
       240         12          0         24      30000       3271   heap_2.o
       160         16          0          0          0       1033   i2cdriver.o
       360         14          0          8          0       5674   lcd_i2c.o
       246         36          0          0          0       1597   lcd_task.o
       136          0          0          0          0       3222   list.o
       190         48          0         12          0      21946   main.o
       418         52          0          4          0       9728   port.o
      1042         16          0          0          0      10110   queue.o
         8          0          0          0          0        870   sensors.o
       648        622          0          0        512        256   startup_rvmdk.o
      1806        156          0         60        420      28500   tasks.o
       606         30         45          8          0       5224   uartstdio.o

    ----------------------------------------------------------------------
      6610       1136         80       1024      30948     105446   Object Totals
         0          0         32          0          0          0   (incl. Generated)
        14          0          3        900          0          0   (incl. Padding)

    ----------------------------------------------------------------------

      Code (inc. data)   RO Data    RW Data    ZI Data      Debug   Library Member Name

       208         18          0          0          0       5436   adc.o
       152         16        268        620          0       2150   interrupt.o
       634         54        596          0          0       3898   sysctl.o
       110         16        160          0          0       2269   timer.o
         6          0          0          0          0        497   uart.o
        58          0          0          0          0          0   __dczerorl.o
         0          0          0          0          0          0   entry.o
         0          0          0          0          0          0   entry10a.o
         0          0          0          0          0          0   entry11a.o
         8          4          0          0          0          0   entry2.o
         4          0          0          0          0          0   entry5.o
         0          0          0          0          0          0   entry7b.o
         0          0          0          0          0          0   entry8b.o
         8          4          0          0          0          0   entry9a.o
        30          0          0          0          0          0   handlers.o
        36          8          0          0          0         68   init.o
        36          0          0          0          0         68   memcpya.o
        36          0          0          0          0        108   memseta.o

    ----------------------------------------------------------------------
      1334        120       1024        620          0      14494   Library Totals
         8          0          0          0          0          0   (incl. Padding)

    ----------------------------------------------------------------------

      Code (inc. data)   RO Data    RW Data    ZI Data      Debug   Library Name

      1110        104       1024        620          0      14250   driverlib.lib
       216         16          0          0          0        244   mc_w.l

    ----------------------------------------------------------------------
      1334        120       1024        620          0      14494   Library Totals

    ----------------------------------------------------------------------

==============================================================================


      Code (inc. data)   RO Data    RW Data    ZI Data      Debug   

      7944       1256       1104       1644      30948     112072   Grand Totals
      7944       1256       1104         24      30948     112072   ELF Image Totals (compressed)
      7944       1256       1104         24          0          0   ROM Totals

==============================================================================

    Total RO  Size (Code + RO Data)                 9048 (   8.84kB)
    Total RW  Size (RW Data + ZI Data)             32592 (  31.83kB)
    Total ROM Size (Code + RO Data + RW Data)       9072 (   8.86kB)

==============================================================================

